Component: ARM Compiler 5.05 update 2 (build 169) Tool: armlink [4d0f33]

==============================================================================

Section Cross References

    bluenrg_interface.o(i.HAL_GPIO_EXTI_Callback) refers to hci.o(i.HCI_Isr) for HCI_Isr
    clock.o(i.Clock_Time) refers to stm32f4xx_hal.o(i.HAL_GetTick) for HAL_GetTick
    clock.o(i.Clock_Wait) refers to stm32f4xx_hal.o(i.HAL_Delay) for HAL_Delay
    cube_hal_f4.o(i.SystemClock_Config) refers to stm32f4xx_hal_rcc.o(i.HAL_RCC_OscConfig) for HAL_RCC_OscConfig
    cube_hal_f4.o(i.SystemClock_Config) refers to stm32f4xx_hal_rcc.o(i.HAL_RCC_ClockConfig) for HAL_RCC_ClockConfig
    stm32xx_it.o(i.EXTI0_IRQHandler) refers to stm32f4xx_hal_gpio.o(i.HAL_GPIO_EXTI_IRQHandler) for HAL_GPIO_EXTI_IRQHandler
    stm32xx_it.o(i.EXTI15_10_IRQHandler) refers to stm32f4xx_hal_gpio.o(i.HAL_GPIO_EXTI_IRQHandler) for HAL_GPIO_EXTI_IRQHandler
    stm32xx_it.o(i.EXTI15_10_IRQHandler) refers to stm32xx_it.o(.data) for button_event
    stm32xx_it.o(i.SysTick_Handler) refers to stm32f4xx_hal.o(i.HAL_IncTick) for HAL_IncTick
    stm32xx_it.o(i.SysTick_Handler) refers to stm32xx_it.o(.data) for ms_counter
    stm32xx_it.o(i.USART6_IRQHandler) refers to stm32f4xx_hal_uart.o(i.HAL_UART_IRQHandler) for HAL_UART_IRQHandler
    stm32xx_it.o(i.USART6_IRQHandler) refers to uart.o(.bss) for huart6
    main.o(i.User_Process) refers to sensor_service.o(i.setConnectable) for setConnectable
    main.o(i.User_Process) refers to stm32f4xx_nucleo.o(i.BSP_PB_GetState) for BSP_PB_GetState
    main.o(i.User_Process) refers to sensor_service.o(i.Acc_Update) for Acc_Update
    main.o(i.User_Process) refers to sensor_service.o(.data) for set_connectable
    main.o(i.main) refers to _printf_percent.o(.ARM.Collect$$_printf_percent$$00000000) for _printf_percent
    main.o(i.main) refers to _printf_d.o(.ARM.Collect$$_printf_percent$$00000009) for _printf_d
    main.o(i.main) refers to _printf_dec.o(.text) for _printf_int_dec
    main.o(i.main) refers to stm32f4xx_hal.o(i.HAL_Init) for HAL_Init
    main.o(i.main) refers to stm32f4xx_nucleo.o(i.BSP_PB_Init) for BSP_PB_Init
    main.o(i.main) refers to cube_hal_f4.o(i.SystemClock_Config) for SystemClock_Config
    main.o(i.main) refers to gpio.o(i.MX_GPIO_Init) for MX_GPIO_Init
    main.o(i.main) refers to uart.o(i.MX_USART6_UART_Init) for MX_USART6_UART_Init
    main.o(i.main) refers to stm32_bluenrg_ble.o(i.BNRG_SPI_Init) for BNRG_SPI_Init
    main.o(i.main) refers to hci.o(i.HCI_Init) for HCI_Init
    main.o(i.main) refers to stm32_bluenrg_ble.o(i.BlueNRG_RST) for BlueNRG_RST
    main.o(i.main) refers to bluenrg_utils_small.o(i.getBlueNRGVersion) for getBlueNRGVersion
    main.o(i.main) refers to noretval__2printf.o(.text) for __2printf
    main.o(i.main) refers to osal.o(i.Osal_MemCpy) for Osal_MemCpy
    main.o(i.main) refers to bluenrg_hal_aci.o(i.aci_hal_write_config_data) for aci_hal_write_config_data
    main.o(i.main) refers to bluenrg_gatt_aci.o(i.aci_gatt_init) for aci_gatt_init
    main.o(i.main) refers to bluenrg_gap_aci.o(i.aci_gap_init_IDB05A1) for aci_gap_init_IDB05A1
    main.o(i.main) refers to bluenrg_gap_aci.o(i.aci_gap_init_IDB04A1) for aci_gap_init_IDB04A1
    main.o(i.main) refers to strlen.o(.text) for strlen
    main.o(i.main) refers to bluenrg_gatt_aci.o(i.aci_gatt_update_char_value) for aci_gatt_update_char_value
    main.o(i.main) refers to bluenrg_gap_aci.o(i.aci_gap_set_auth_requirement) for aci_gap_set_auth_requirement
    main.o(i.main) refers to sensor_service.o(i.Add_Acc_Service) for Add_Acc_Service
    main.o(i.main) refers to sensor_service.o(i.Add_Environmental_Sensor_Service) for Add_Environmental_Sensor_Service
    main.o(i.main) refers to sensor_service.o(i.Add_DATATRANSMIT_Service) for Add_DATATRANSMIT_Service
    main.o(i.main) refers to bluenrg_hal_aci.o(i.aci_hal_set_tx_power_level) for aci_hal_set_tx_power_level
    main.o(i.main) refers to stm32f4xx_hal_uart.o(i.HAL_UART_Receive) for HAL_UART_Receive
    main.o(i.main) refers to stm32f4xx_hal_uart.o(i.HAL_UART_Receive_IT) for HAL_UART_Receive_IT
    main.o(i.main) refers to stm32f4xx_hal_uart.o(i.HAL_UART_GetState) for HAL_UART_GetState
    main.o(i.main) refers to hci.o(i.HCI_Process) for HCI_Process
    main.o(i.main) refers to sensor_service.o(i.setConnectable) for setConnectable
    main.o(i.main) refers to stm32f4xx_nucleo.o(i.BSP_PB_GetState) for BSP_PB_GetState
    main.o(i.main) refers to sensor_service.o(i.Data_Update) for Data_Update
    main.o(i.main) refers to stm32f4xx_hal.o(i.HAL_Delay) for HAL_Delay
    main.o(i.main) refers to main.o(.data) for bnrg_expansion_board
    main.o(i.main) refers to main.o(.bss) for p_data
    main.o(i.main) refers to uart.o(.bss) for huart6
    main.o(i.main) refers to sensor_service.o(.data) for set_connectable
    sensor_service.o(i.Acc_Update) refers to bluenrg_gatt_aci.o(i.aci_gatt_update_char_value) for aci_gatt_update_char_value
[...]
    i.HAL_UART_Receive_IT                    0x080030d8   Section        0  stm32f4xx_hal_uart.o(i.HAL_UART_Receive_IT)
    i.HAL_UART_RxCpltCallback                0x0800315e   Section        0  main.o(i.HAL_UART_RxCpltCallback)
    i.HAL_UART_TxCpltCallback                0x08003160   Section        0  stm32f4xx_hal_uart.o(i.HAL_UART_TxCpltCallback)
    i.HCI_Event_CB                           0x08003162   Section        0  sensor_service.o(i.HCI_Event_CB)
    i.HCI_Init                               0x080031cc   Section        0  hci.o(i.HCI_Init)
    i.HCI_Isr                                0x08003208   Section        0  hci.o(i.HCI_Isr)
    i.HCI_Process                            0x08003290   Section        0  hci.o(i.HCI_Process)
    i.HCI_Queue_Empty                        0x08003314   Section        0  hci.o(i.HCI_Queue_Empty)
    i.HCI_verify                             0x08003324   Section        0  hci.o(i.HCI_verify)
    i.Hal_Write_Serial                       0x08003348   Section        0  stm32_bluenrg_ble.o(i.Hal_Write_Serial)
    i.HardFault_Handler                      0x08003398   Section        0  stm32xx_it.o(i.HardFault_Handler)
    i.Humidity_Update                        0x0800339c   Section        0  sensor_service.o(i.Humidity_Update)
    i.ITM_SendChar                           0x080033fc   Section        0  retarget_io.o(i.ITM_SendChar)
    i.MX_GPIO_Init                           0x0800342c   Section        0  gpio.o(i.MX_GPIO_Init)
    i.MX_USART6_UART_Init                    0x08003500   Section        0  uart.o(i.MX_USART6_UART_Init)
    i.NMI_Handler                            0x08003588   Section        0  stm32xx_it.o(i.NMI_Handler)
    i.NVIC_GetPriorityGrouping               0x0800358c   Section        0  stm32f4xx_hal_cortex.o(i.NVIC_GetPriorityGrouping)
    NVIC_GetPriorityGrouping                 0x0800358d   Thumb Code    10  stm32f4xx_hal_cortex.o(i.NVIC_GetPriorityGrouping)
    i.NVIC_SetPriority                       0x0800359c   Section        0  stm32f4xx_hal_cortex.o(i.NVIC_SetPriority)
    NVIC_SetPriority                         0x0800359d   Thumb Code    32  stm32f4xx_hal_cortex.o(i.NVIC_SetPriority)
    i.Osal_MemCpy                            0x080035c4   Section        0  osal.o(i.Osal_MemCpy)
    i.Osal_MemSet                            0x080035d8   Section        0  osal.o(i.Osal_MemSet)
    i.PendSV_Handler                         0x080035ec   Section        0  stm32xx_it.o(i.PendSV_Handler)
    i.Press_Update                           0x080035f0   Section        0  sensor_service.o(i.Press_Update)
    i.Read_Request_CB                        0x08003650   Section        0  sensor_service.o(i.Read_Request_CB)
    i.SPI_WaitOnFlagUntilTimeout             0x0800375c   Section        0  stm32f4xx_hal_spi.o(i.SPI_WaitOnFlagUntilTimeout)
    SPI_WaitOnFlagUntilTimeout               0x0800375d   Thumb Code   276  stm32f4xx_hal_spi.o(i.SPI_WaitOnFlagUntilTimeout)
    i.SVC_Handler                            0x08003870   Section        0  stm32xx_it.o(i.SVC_Handler)
    i.SysTick_Handler                        0x08003874   Section        0  stm32xx_it.o(i.SysTick_Handler)
    i.SystemClock_Config                     0x0800388c   Section        0  cube_hal_f4.o(i.SystemClock_Config)
    i.SystemInit                             0x080038d0   Section        0  system_stm32f4xx.o(i.SystemInit)
    i.Temp_Update                            0x08003934   Section        0  sensor_service.o(i.Temp_Update)
    i.Timer_Expired                          0x08003994   Section        0  gp_timer.o(i.Timer_Expired)
    i.Timer_Set                              0x080039b0   Section        0  gp_timer.o(i.Timer_Set)
    i.UART_EndTransmit_IT                    0x080039c0   Section        0  stm32f4xx_hal_uart.o(i.UART_EndTransmit_IT)
    UART_EndTransmit_IT                      0x080039c1   Thumb Code    72  stm32f4xx_hal_uart.o(i.UART_EndTransmit_IT)
    i.UART_Receive_IT                        0x08003a08   Section        0  stm32f4xx_hal_uart.o(i.UART_Receive_IT)
    UART_Receive_IT                          0x08003a09   Thumb Code   188  stm32f4xx_hal_uart.o(i.UART_Receive_IT)
    i.UART_SetConfig                         0x08003ac4   Section        0  stm32f4xx_hal_uart.o(i.UART_SetConfig)
    UART_SetConfig                           0x08003ac5   Thumb Code   538  stm32f4xx_hal_uart.o(i.UART_SetConfig)
    i.UART_Transmit_IT                       0x08003ce8   Section        0  stm32f4xx_hal_uart.o(i.UART_Transmit_IT)
    UART_Transmit_IT                         0x08003ce9   Thumb Code   112  stm32f4xx_hal_uart.o(i.UART_Transmit_IT)
    i.UART_WaitOnFlagUntilTimeout            0x08003d58   Section        0  stm32f4xx_hal_uart.o(i.UART_WaitOnFlagUntilTimeout)
    UART_WaitOnFlagUntilTimeout              0x08003d59   Thumb Code   250  stm32f4xx_hal_uart.o(i.UART_WaitOnFlagUntilTimeout)
    i.USART6_IRQHandler                      0x08003e54   Section        0  stm32xx_it.o(i.USART6_IRQHandler)
    i.__get_PRIMASK                          0x08003e64   Section        0  list.o(i.__get_PRIMASK)
    __get_PRIMASK                            0x08003e65   Thumb Code     6  list.o(i.__get_PRIMASK)
    i.__set_PRIMASK                          0x08003e6a   Section        0  list.o(i.__set_PRIMASK)
    __set_PRIMASK                            0x08003e6b   Thumb Code     6  list.o(i.__set_PRIMASK)
    i._is_digit                              0x08003e70   Section        0  __printf_wp.o(i._is_digit)
    i._sys_close                             0x08003e7e   Section        0  retarget_io.o(i._sys_close)
    i._sys_flen                              0x08003ea4   Section        0  retarget_io.o(i._sys_flen)
    i._sys_istty                             0x08003ec8   Section        0  retarget_io.o(i._sys_istty)
    i._sys_open                              0x08003eec   Section        0  retarget_io.o(i._sys_open)
    i._sys_seek                              0x08003f54   Section        0  retarget_io.o(i._sys_seek)
    i._sys_write                             0x08003f80   Section        0  retarget_io.o(i._sys_write)
    i.aci_gap_init_IDB04A1                   0x08003fc6   Section        0  bluenrg_gap_aci.o(i.aci_gap_init_IDB04A1)
    i.aci_gap_init_IDB05A1                   0x08004038   Section        0  bluenrg_gap_aci.o(i.aci_gap_init_IDB05A1)
    i.aci_gap_set_auth_requirement           0x080040c0   Section        0  bluenrg_gap_aci.o(i.aci_gap_set_auth_requirement)
    i.aci_gap_set_discoverable               0x08004148   Section        0  bluenrg_gap_aci.o(i.aci_gap_set_discoverable)
    i.aci_gatt_add_char                      0x08004254   Section        0  bluenrg_gatt_aci.o(i.aci_gatt_add_char)
    i.aci_gatt_add_char_desc                 0x08004334   Section        0  bluenrg_gatt_aci.o(i.aci_gatt_add_char_desc)
    i.aci_gatt_add_serv                      0x08004446   Section        0  bluenrg_gatt_aci.o(i.aci_gatt_add_serv)
    i.aci_gatt_allow_read                    0x080044e6   Section        0  bluenrg_gatt_aci.o(i.aci_gatt_allow_read)
    i.aci_gatt_init                          0x0800452e   Section        0  bluenrg_gatt_aci.o(i.aci_gatt_init)
    i.aci_gatt_update_char_value             0x0800456a   Section        0  bluenrg_gatt_aci.o(i.aci_gatt_update_char_value)
    i.aci_hal_set_tx_power_level             0x08004614   Section        0  bluenrg_hal_aci.o(i.aci_hal_set_tx_power_level)
    i.aci_hal_write_config_data              0x0800466c   Section        0  bluenrg_hal_aci.o(i.aci_hal_write_config_data)
    i.fputc                                  0x080046e8   Section        0  fput_debug.o(i.fputc)
    i.getBlueNRGVersion                      0x08004720   Section        0  bluenrg_utils_small.o(i.getBlueNRGVersion)
    i.hci_le_read_local_version              0x08004776   Section        0  hci.o(i.hci_le_read_local_version)
    i.hci_le_set_scan_resp_data              0x080047fa   Section        0  hci.o(i.hci_le_set_scan_resp_data)
    i.hci_send_cmd                           0x08004864   Section        0  hci.o(i.hci_send_cmd)
    i.hci_send_req                           0x080048a0   Section        0  hci.o(i.hci_send_req)
    i.hci_write                              0x08004a58   Section        0  hci.o(i.hci_write)
    i.list_init_head                         0x08004a74   Section        0  list.o(i.list_init_head)
    i.list_insert_head                       0x08004a7a   Section        0  list.o(i.list_insert_head)
    i.list_insert_tail                       0x08004a9c   Section        0  list.o(i.list_insert_tail)
    i.list_is_empty                          0x08004abe   Section        0  list.o(i.list_is_empty)
    i.list_remove_head                       0x08004ae0   Section        0  list.o(i.list_remove_head)
    i.list_remove_node                       0x08004b0a   Section        0  list.o(i.list_remove_node)
    i.main                                   0x08004b2c   Section        0  main.o(i.main)
    i.move_list                              0x080050f4   Section        0  hci.o(i.move_list)
    move_list                                0x080050f5   Thumb Code    36  hci.o(i.move_list)
    i.setConnectable                         0x08005118   Section        0  sensor_service.o(i.setConnectable)
    i.set_irq_as_input                       0x080051b4   Section        0  stm32_bluenrg_ble.o(i.set_irq_as_input)
    i.set_irq_as_output                      0x080051ec   Section        0  stm32_bluenrg_ble.o(i.set_irq_as_output)
    i.stdout_putchar                         0x08005218   Section        0  retarget_io.o(i.stdout_putchar)
    stdout_putchar                           0x08005219   Thumb Code    12  retarget_io.o(i.stdout_putchar)
    i.us150Delay                             0x08005224   Section        0  stm32_bluenrg_ble.o(i.us150Delay)
    us150Delay                               0x08005225   Thumb Code    28  stm32_bluenrg_ble.o(i.us150Delay)
    x$fpl$fpinit                             0x08005240   Section       10  fpinit.o(x$fpl$fpinit)
    $v0                                      0x08005240   Number         0  fpinit.o(x$fpl$fpinit)
    .constdata                               0x0800524c   Section        4  clock.o(.constdata)
    .constdata                               0x08005250   Section        5  stm32f4xx_nucleo.o(.constdata)
    .constdata                               0x08005255   Section       16  stm32f4xx_hal_rcc.o(.constdata)
    .constdata                               0x08005265   Section       23  retarget_io.o(.constdata)
    .constdata                               0x0800527c   Section       40  _printf_hex_int.o(.constdata)
    uc_hextab                                0x0800527c   Data          20  _printf_hex_int.o(.constdata)
    lc_hextab                                0x08005290   Data          20  _printf_hex_int.o(.constdata)
    .constdata                               0x080052a4   Section       17  __printf_flags_wp.o(.constdata)
    maptable                                 0x080052a4   Data          17  __printf_flags_wp.o(.constdata)
    .conststring                             0x080052b8   Section      290  sensor_service.o(.conststring)
    .data                                    0x20000000   Section        5  stm32xx_it.o(.data)
    .data                                    0x20000008   Section       49  main.o(.data)
    .data                                    0x2000003c   Section       34  sensor_service.o(.data)
    .data                                    0x20000060   Section       19  hci.o(.data)
    readPacketListFull                       0x20000070   Data           1  hci.o(.data)
    hci_timer_id                             0x20000071   Data           1  hci.o(.data)
    hci_timeout                              0x20000072   Data           1  hci.o(.data)
    .data                                    0x20000074   Section       12  stm32f4xx_nucleo.o(.data)
    .data                                    0x20000080   Section       20  system_stm32f4xx.o(.data)
    .data                                    0x20000094   Section        4  stm32f4xx_hal.o(.data)
    uwTick                                   0x20000094   Data           4  stm32f4xx_hal.o(.data)
    .data                                    0x20000098   Section        4  stdio_streams.o(.data)
    .data                                    0x2000009c   Section        4  stdio_streams.o(.data)
    .data                                    0x200000a0   Section        4  stdio_streams.o(.data)
    .bss                                     0x200000a4   Section    12000  main.o(.bss)
    .bss                                     0x20002f84   Section       12  sensor_service.o(.bss)
    .bss                                     0x20002f90   Section       64  uart.o(.bss)
    .bss                                     0x20002fd0   Section      700  hci.o(.bss)
    hciReadPacketBuffer                      0x20002fd0   Data         700  hci.o(.bss)
    .bss                                     0x2000328c   Section       88  stm32_bluenrg_ble.o(.bss)
    .bss                                     0x200032e4   Section      228  rand.o(.bss)
    .bss                                     0x200033c8   Section       84  stdio_streams.o(.bss)
    .bss                                     0x2000341c   Section       84  stdio_streams.o(.bss)
    .bss                                     0x20003470   Section       84  stdio_streams.o(.bss)
    .bss                                     0x200034c4   Section       96  libspace.o(.bss)
    HEAP                                     0x20003528   Section      512  startup_stm32f401xe.o(HEAP)
    Heap_Mem                                 0x20003528   Data         512  startup_stm32f401xe.o(HEAP)
    STACK                                    0x20003728   Section     1024  startup_stm32f401xe.o(STACK)
    Stack_Mem                                0x20003728   Data        1024  startup_stm32f401xe.o(STACK)
    __initial_sp                             0x20003b28   Data           0  startup_stm32f401xe.o(STACK)

    Global Symbols

    Symbol Name                              Value     Ov Type        Size  Object(Section)

    BuildAttributes$$THM_ISAv4$E$P$D$K$B$S$7EM$VFPi3$EXTD16$VFPS$VFMA$PE$A:L22UL41UL21$X:L11$S22US41US21$IEEE1$IW$USESV6$~STKCKD$USESV7$~SHL$OTIME$ROPI$EBA8$UX$STANDARDLIB$REQ8$PRES8$EABIv2 0x00000000   Number         0  anon$$obj.o ABSOLUTE
    __ARM_use_no_argv                        0x00000000   Number         0  main.o ABSOLUTE
    _printf_flags                            0x00000000   Number         0  printf_stubs.o ABSOLUTE
    _printf_return_value                     0x00000000   Number         0  printf_stubs.o ABSOLUTE
    _printf_sizespec                         0x00000000   Number         0  printf_stubs.o ABSOLUTE
    _printf_widthprec                        0x00000000   Number         0  printf_stubs.o ABSOLUTE
    __ARM_exceptions_init                     - Undefined Weak Reference
    __alloca_initialize                       - Undefined Weak Reference
    __arm_preinit_                            - Undefined Weak Reference
    __cpp_initialize__aeabi_                  - Undefined Weak Reference
    __cxa_finalize                            - Undefined Weak Reference
    __rt_locale                               - Undefined Weak Reference
    __sigvec_lookup                           - Undefined Weak Reference
    __user_heap_extent                        - Undefined Weak Reference
    _atexit_init                              - Undefined Weak Reference
    _call_atexit_fns                          - Undefined Weak Reference
    _clock_init                               - Undefined Weak Reference
    _fp_trap_init                             - Undefined Weak Reference
    _fp_trap_shutdown                         - Undefined Weak Reference
    _get_lc_collate                           - Undefined Weak Reference
    _get_lc_ctype                             - Undefined Weak Reference
    _get_lc_monetary                          - Undefined Weak Reference
    _get_lc_numeric                           - Undefined Weak Reference
    _get_lc_time                              - Undefined Weak Reference
    _getenv_init                              - Undefined Weak Reference
    _handle_redirection                       - Undefined Weak Reference
    _mutex_acquire                            - Undefined Weak Reference
    _mutex_free                               - Undefined Weak Reference
    _mutex_release                            - Undefined Weak Reference
    _printf_truncate_signed                   - Undefined Weak Reference
    _printf_truncate_unsigned                 - Undefined Weak Reference
    _signal_finish                            - Undefined Weak Reference
    _signal_init                              - Undefined Weak Reference
    __Vectors_Size                           0x00000194   Number         0  startup_stm32f401xe.o ABSOLUTE
    __Vectors                                0x08000000   Data           4  startup_stm32f401xe.o(RESET)
    __Vectors_End                            0x08000194   Data           0  startup_stm32f401xe.o(RESET)
    __main                                   0x08000195   Thumb Code     8  __main.o(!!!main)
    __scatterload                            0x0800019d   Thumb Code     0  __scatter.o(!!!scatter)
    __scatterload_rt2                        0x0800019d   Thumb Code    44  __scatter.o(!!!scatter)
    __scatterload_rt2_thumb_only             0x0800019d   Thumb Code     0  __scatter.o(!!!scatter)
    __scatterload_null                       0x080001ab   Thumb Code     0  __scatter.o(!!!scatter)
    __scatterload_copy                       0x080001d1   Thumb Code    26  __scatter_copy.o(!!handler_copy)
    __scatterload_zeroinit                   0x080001ed   Thumb Code    28  __scatter_zi.o(!!handler_zi)
    _printf_d                                0x08000209   Thumb Code     0  _printf_d.o(.ARM.Collect$$_printf_percent$$00000009)
    _printf_percent                          0x08000209   Thumb Code     0  _printf_percent.o(.ARM.Collect$$_printf_percent$$00000000)
    _printf_x                                0x0800020f   Thumb Code     0  _printf_x.o(.ARM.Collect$$_printf_percent$$0000000C)
    _printf_percent_end                      0x08000215   Thumb Code     0  _printf_percent_end.o(.ARM.Collect$$_printf_percent$$00000017)
    __rt_lib_init                            0x08000219   Thumb Code     0  libinit.o(.ARM.Collect$$libinit$$00000000)
    __rt_lib_init_fp_1                       0x0800021b   Thumb Code     0  libinit2.o(.ARM.Collect$$libinit$$00000001)
    __rt_lib_init_heap_2                     0x0800021f   Thumb Code     0  libinit2.o(.ARM.Collect$$libinit$$00000005)
    __rt_lib_init_preinit_1                  0x0800021f   Thumb Code     0  libinit2.o(.ARM.Collect$$libinit$$00000004)
    __rt_lib_init_heap_1                     0x08000227   Thumb Code     0  libinit2.o(.ARM.Collect$$libinit$$0000000A)
    __rt_lib_init_rand_2                     0x08000227   Thumb Code     0  libinit2.o(.ARM.Collect$$libinit$$0000000D)
    __rt_lib_init_user_alloc_1               0x08000227   Thumb Code     0  libinit2.o(.ARM.Collect$$libinit$$0000000C)
    __rt_lib_init_atexit_1                   0x0800022b   Thumb Code     0  libinit2.o(.ARM.Collect$$libinit$$0000001B)
    __rt_lib_init_clock_1                    0x0800022b   Thumb Code     0  libinit2.o(.ARM.Collect$$libinit$$00000021)
    __rt_lib_init_fp_trap_1                  0x0800022b   Thumb Code     0  libinit2.o(.ARM.Collect$$libinit$$0000001F)
    __rt_lib_init_getenv_1                   0x0800022b   Thumb Code     0  libinit2.o(.ARM.Collect$$libinit$$00000023)
    __rt_lib_init_lc_collate_1               0x0800022b   Thumb Code     0  libinit2.o(.ARM.Collect$$libinit$$00000011)
    __rt_lib_init_lc_ctype_1                 0x0800022b   Thumb Code     0  libinit2.o(.ARM.Collect$$libinit$$00000013)
    __rt_lib_init_lc_monetary_1              0x0800022b   Thumb Code     0  libinit2.o(.ARM.Collect$$libinit$$00000015)
    __rt_lib_init_lc_numeric_1               0x0800022b   Thumb Code     0  libinit2.o(.ARM.Collect$$libinit$$00000017)
    __rt_lib_init_lc_time_1                  0x0800022b   Thumb Code     0  libinit2.o(.ARM.Collect$$libinit$$00000019)
    __rt_lib_init_rand_1                     0x0800022b   Thumb Code     0  libinit2.o(.ARM.Collect$$libinit$$0000000E)
    __rt_lib_init_signal_1                   0x0800022b   Thumb Code     0  libinit2.o(.ARM.Collect$$libinit$$0000001D)
    __rt_lib_init_stdio_2                    0x0800022b   Thumb Code     0  libinit2.o(.ARM.Collect$$libinit$$00000024)
    __rt_lib_init_alloca_1                   0x0800022f   Thumb Code     0  libinit2.o(.ARM.Collect$$libinit$$0000002E)
    __rt_lib_init_argv_1                     0x0800022f   Thumb Code     0  libinit2.o(.ARM.Collect$$libinit$$0000002C)
    __rt_lib_init_cpp_1                      0x0800022f   Thumb Code     0  libinit2.o(.ARM.Collect$$libinit$$00000032)
    __rt_lib_init_exceptions_1               0x0800022f   Thumb Code     0  libinit2.o(.ARM.Collect$$libinit$$00000030)
    __rt_lib_init_return                     0x0800022f   Thumb Code     0  libinit2.o(.ARM.Collect$$libinit$$00000033)
    __rt_lib_init_stdio_1                    0x0800022f   Thumb Code     0  libinit2.o(.ARM.Collect$$libinit$$00000025)
    __rt_lib_shutdown                        0x08000231   Thumb Code     0  libshutdown.o(.ARM.Collect$$libshutdown$$00000000)
    __rt_lib_shutdown_stdio_2                0x08000233   Thumb Code     0  libshutdown2.o(.ARM.Collect$$libshutdown$$00000002)
    __rt_lib_shutdown_fp_trap_1              0x08000237   Thumb Code     0  libshutdown2.o(.ARM.Collect$$libshutdown$$00000006)
    __rt_lib_shutdown_heap_1                 0x08000237   Thumb Code     0  libshutdown2.o(.ARM.Collect$$libshutdown$$0000000E)
    __rt_lib_shutdown_return                 0x08000237   Thumb Code     0  libshutdown2.o(.ARM.Collect$$libshutdown$$0000000F)
    __rt_lib_shutdown_signal_1               0x08000237   Thumb Code     0  libshutdown2.o(.ARM.Collect$$libshutdown$$00000009)
    __rt_lib_shutdown_stdio_1                0x08000237   Thumb Code     0  libshutdown2.o(.ARM.Collect$$libshutdown$$00000003)
    __rt_lib_shutdown_user_alloc_1           0x08000237   Thumb Code     0  libshutdown2.o(.ARM.Collect$$libshutdown$$0000000B)
    __rt_entry                               0x08000239   Thumb Code     0  __rtentry.o(.ARM.Collect$$rtentry$$00000000)
    __rt_entry_presh_1                       0x08000239   Thumb Code     0  __rtentry2.o(.ARM.Collect$$rtentry$$00000002)
    __rt_entry_sh                            0x08000239   Thumb Code     0  __rtentry4.o(.ARM.Collect$$rtentry$$00000004)
    __rt_entry_li                            0x0800023f   Thumb Code     0  __rtentry2.o(.ARM.Collect$$rtentry$$0000000A)
    __rt_entry_postsh_1                      0x0800023f   Thumb Code     0  __rtentry2.o(.ARM.Collect$$rtentry$$00000009)
    __rt_entry_main                          0x08000243   Thumb Code     0  __rtentry2.o(.ARM.Collect$$rtentry$$0000000D)
    __rt_entry_postli_1                      0x08000243   Thumb Code     0  __rtentry2.o(.ARM.Collect$$rtentry$$0000000C)
    __rt_exit                                0x0800024b   Thumb Code     0  rtexit.o(.ARM.Collect$$rtexit$$00000000)
    __rt_exit_ls                             0x0800024d   Thumb Code     0  rtexit2.o(.ARM.Collect$$rtexit$$00000003)
    __rt_exit_prels_1                        0x0800024d   Thumb Code     0  rtexit2.o(.ARM.Collect$$rtexit$$00000002)
    __rt_exit_exit                           0x08000251   Thumb Code     0  rtexit2.o(.ARM.Collect$$rtexit$$00000004)
    rand                                     0x08000259   Thumb Code    48  rand.o(.emb_text)
    Reset_Handler                            0x0800028d   Thumb Code     8  startup_stm32f401xe.o(.text)
    _maybe_terminate_alloc                   0x0800028d   Thumb Code     0  maybetermalloc1.o(.emb_text)
    MemManage_Handler                        0x08000299   Thumb Code     2  startup_stm32f401xe.o(.text)
    BusFault_Handler                         0x0800029b   Thumb Code     2  startup_stm32f401xe.o(.text)
    UsageFault_Handler                       0x0800029d   Thumb Code     2  startup_stm32f401xe.o(.text)
    ADC_IRQHandler                           0x080002a7   Thumb Code     0  startup_stm32f401xe.o(.text)
    DMA1_Stream0_IRQHandler                  0x080002a7   Thumb Code     0  startup_stm32f401xe.o(.text)
    DMA1_Stream1_IRQHandler                  0x080002a7   Thumb Code     0  startup_stm32f401xe.o(.text)
    DMA1_Stream2_IRQHandler                  0x080002a7   Thumb Code     0  startup_stm32f401xe.o(.text)
    DMA1_Stream3_IRQHandler                  0x080002a7   Thumb Code     0  startup_stm32f401xe.o(.text)
    DMA1_Stream4_IRQHandler                  0x080002a7   Thumb Code     0  startup_stm32f401xe.o(.text)
    DMA1_Stream5_IRQHandler                  0x080002a7   Thumb Code     0  startup_stm32f401xe.o(.text)
    DMA1_Stream6_IRQHandler                  0x080002a7   Thumb Code     0  startup_stm32f401xe.o(.text)
    DMA1_Stream7_IRQHandler                  0x080002a7   Thumb Code     0  startup_stm32f401xe.o(.text)
    DMA2_Stream0_IRQHandler                  0x080002a7   Thumb Code     0  startup_stm32f401xe.o(.text)
    DMA2_Stream1_IRQHandler                  0x080002a7   Thumb Code     0  startup_stm32f401xe.o(.text)
    DMA2_Stream2_IRQHandler                  0x080002a7   Thumb Code     0  startup_stm32f401xe.o(.text)
    DMA2_Stream3_IRQHandler                  0x080002a7   Thumb Code     0  startup_stm32f401xe.o(.text)
    DMA2_Stream4_IRQHandler                  0x080002a7   Thumb Code     0  startup_stm32f401xe.o(.text)
    DMA2_Stream5_IRQHandler                  0x080002a7   Thumb Code     0  startup_stm32f401xe.o(.text)
    DMA2_Stream6_IRQHandler                  0x080002a7   Thumb Code     0  startup_stm32f401xe.o(.text)
    DMA2_Stream7_IRQHandler                  0x080002a7   Thumb Code     0  startup_stm32f401xe.o(.text)
    EXTI1_IRQHandler                         0x080002a7   Thumb Code     0  startup_stm32f401xe.o(.text)
    EXTI2_IRQHandler                         0x080002a7   Thumb Code     0  startup_stm32f401xe.o(.text)
    EXTI3_IRQHandler                         0x080002a7   Thumb Code     0  startup_stm32f401xe.o(.text)
    EXTI4_IRQHandler                         0x080002a7   Thumb Code     0  startup_stm32f401xe.o(.text)
    EXTI9_5_IRQHandler                       0x080002a7   Thumb Code     0  startup_stm32f401xe.o(.text)
    FLASH_IRQHandler                         0x080002a7   Thumb Code     0  startup_stm32f401xe.o(.text)
    FPU_IRQHandler                           0x080002a7   Thumb Code     0  startup_stm32f401xe.o(.text)
    I2C1_ER_IRQHandler                       0x080002a7   Thumb Code     0  startup_stm32f401xe.o(.text)
    I2C1_EV_IRQHandler                       0x080002a7   Thumb Code     0  startup_stm32f401xe.o(.text)
    I2C2_ER_IRQHandler                       0x080002a7   Thumb Code     0  startup_stm32f401xe.o(.text)
    I2C2_EV_IRQHandler                       0x080002a7   Thumb Code     0  startup_stm32f401xe.o(.text)
    I2C3_ER_IRQHandler                       0x080002a7   Thumb Code     0  startup_stm32f401xe.o(.text)
    I2C3_EV_IRQHandler                       0x080002a7   Thumb Code     0  startup_stm32f401xe.o(.text)
    OTG_FS_IRQHandler                        0x080002a7   Thumb Code     0  startup_stm32f401xe.o(.text)
    OTG_FS_WKUP_IRQHandler                   0x080002a7   Thumb Code     0  startup_stm32f401xe.o(.text)
    PVD_IRQHandler                           0x080002a7   Thumb Code     0  startup_stm32f401xe.o(.text)
    RCC_IRQHandler                           0x080002a7   Thumb Code     0  startup_stm32f401xe.o(.text)
    RTC_Alarm_IRQHandler                     0x080002a7   Thumb Code     0  startup_stm32f401xe.o(.text)
    RTC_WKUP_IRQHandler                      0x080002a7   Thumb Code     0  startup_stm32f401xe.o(.text)
    SDIO_IRQHandler                          0x080002a7   Thumb Code     0  startup_stm32f401xe.o(.text)
    SPI1_IRQHandler                          0x080002a7   Thumb Code     0  startup_stm32f401xe.o(.text)
    SPI2_IRQHandler                          0x080002a7   Thumb Code     0  startup_stm32f401xe.o(.text)
    SPI3_IRQHandler                          0x080002a7   Thumb Code     0  startup_stm32f401xe.o(.text)
    SPI4_IRQHandler                          0x080002a7   Thumb Code     0  startup_stm32f401xe.o(.text)
    TAMP_STAMP_IRQHandler                    0x080002a7   Thumb Code     0  startup_stm32f401xe.o(.text)
    TIM1_BRK_TIM9_IRQHandler                 0x080002a7   Thumb Code     0  startup_stm32f401xe.o(.text)
    TIM1_CC_IRQHandler                       0x080002a7   Thumb Code     0  startup_stm32f401xe.o(.text)
    TIM1_TRG_COM_TIM11_IRQHandler            0x080002a7   Thumb Code     0  startup_stm32f401xe.o(.text)
    TIM1_UP_TIM10_IRQHandler                 0x080002a7   Thumb Code     0  startup_stm32f401xe.o(.text)
    TIM2_IRQHandler                          0x080002a7   Thumb Code     0  startup_stm32f401xe.o(.text)
    TIM3_IRQHandler                          0x080002a7   Thumb Code     0  startup_stm32f401xe.o(.text)
    TIM4_IRQHandler                          0x080002a7   Thumb Code     0  startup_stm32f401xe.o(.text)
    TIM5_IRQHandler                          0x080002a7   Thumb Code     0  startup_stm32f401xe.o(.text)
    USART1_IRQHandler                        0x080002a7   Thumb Code     0  startup_stm32f401xe.o(.text)
    USART2_IRQHandler                        0x080002a7   Thumb Code     0  startup_stm32f401xe.o(.text)
    WWDG_IRQHandler                          0x080002a7   Thumb Code     0  startup_stm32f401xe.o(.text)
    __user_initial_stackheap                 0x080002a9   Thumb Code     0  startup_stm32f401xe.o(.text)
    __aeabi_uldivmod                         0x080002cd   Thumb Code     0  lludivv7m.o(.text)
    _ll_udiv                                 0x080002cd   Thumb Code   238  lludivv7m.o(.text)
    __2printf                                0x080003bd   Thumb Code    20  noretval__2printf.o(.text)
    _printf_pre_padding                      0x080003d5   Thumb Code    44  _printf_pad.o(.text)
    _printf_post_padding                     0x08000401   Thumb Code    34  _printf_pad.o(.text)
    _printf_int_dec                          0x08000425   Thumb Code   104  _printf_dec.o(.text)
    _printf_int_hex                          0x0800049d   Thumb Code    84  _printf_hex_int.o(.text)
    _printf_longlong_hex                     0x0800049d   Thumb Code     0  _printf_hex_int.o(.text)
    __printf                                 0x080004f5   Thumb Code   308  __printf_flags_wp.o(.text)
    srand                                    0x0800062d   Thumb Code    42  rand.o(.text)
    _rand_init                               0x08000657   Thumb Code     4  rand.o(.text)
    strlen                                   0x08000669   Thumb Code    62  strlen.o(.text)
    memcpy                                   0x080006a7   Thumb Code     8  memcpy.o(.text)
    memset                                   0x080006af   Thumb Code    22  memset.o(.text)
    strcmp                                   0x080006c5   Thumb Code   128  strcmpv7m.o(.text)
    __use_two_region_memory                  0x08000745   Thumb Code     2  heapauxi.o(.text)
    __rt_heap_escrow                         0x08000747   Thumb Code     2  heapauxi.o(.text)
    __rt_heap_expand                         0x08000749   Thumb Code     2  heapauxi.o(.text)
    _printf_int_common                       0x0800074b   Thumb Code   178  _printf_intcommon.o(.text)
    _printf_char_file                        0x080007fd   Thumb Code    32  _printf_char_file.o(.text)
    __aeabi_memcpy                           0x08000821   Thumb Code     0  rt_memcpy_v6.o(.text)
    __rt_memcpy                              0x08000821   Thumb Code   138  rt_memcpy_v6.o(.text)
    _memcpy_lastbytes                        0x08000887   Thumb Code     0  rt_memcpy_v6.o(.text)
    __aeabi_memclr                           0x080008ab   Thumb Code     0  rt_memclr.o(.text)
    __rt_memclr                              0x080008ab   Thumb Code    68  rt_memclr.o(.text)
    _memset                                  0x080008af   Thumb Code     0  rt_memclr.o(.text)
    _printf_char_common                      0x080008fb   Thumb Code    32  _printf_char_common.o(.text)
    ferror                                   0x08000921   Thumb Code     8  ferror.o(.text)
    _initio                                  0x08000929   Thumb Code   210  initio.o(.text)
    _terminateio                             0x080009fb   Thumb Code    56  initio.o(.text)
    __aeabi_memcpy4                          0x08000a61   Thumb Code     0  rt_memcpy_w.o(.text)
    __aeabi_memcpy8                          0x08000a61   Thumb Code     0  rt_memcpy_w.o(.text)
    __rt_memcpy_w                            0x08000a61   Thumb Code   100  rt_memcpy_w.o(.text)
    _memcpy_lastbytes_aligned                0x08000aa9   Thumb Code     0  rt_memcpy_w.o(.text)
    __aeabi_memclr4                          0x08000ac5   Thumb Code     0  rt_memclr_w.o(.text)
    __aeabi_memclr8                          0x08000ac5   Thumb Code     0  rt_memclr_w.o(.text)
    __rt_memclr_w                            0x08000ac5   Thumb Code    78  rt_memclr_w.o(.text)
    _memset_w                                0x08000ac9   Thumb Code     0  rt_memclr_w.o(.text)
    __user_setup_stackheap                   0x08000b13   Thumb Code    74  sys_stackheap_outer.o(.text)
    free                                     0x08000b5d   Thumb Code    78  h1_free.o(.text)
    setvbuf                                  0x08000bab   Thumb Code    70  setvbuf.o(.text)
    freopen                                  0x08000bf1   Thumb Code   158  fopen.o(.text)
    fopen                                    0x08000c8f   Thumb Code    74  fopen.o(.text)
    _fclose_internal                         0x08000cdd   Thumb Code    76  fclose.o(.text)
    fclose                                   0x08000cdd   Thumb Code     0  fclose.o(.text)
    exit                                     0x08000d29   Thumb Code    12  exit.o(.text)
    __rt_SIGRTRED                            0x08000d35   Thumb Code    14  defsig_rtred_outer.o(.text)
    __user_libspace                          0x08000d45   Thumb Code     8  libspace.o(.text)
    __user_perproc_libspace                  0x08000d45   Thumb Code     0  libspace.o(.text)
    __user_perthread_libspace                0x08000d45   Thumb Code     0  libspace.o(.text)
    __rt_heap_descriptor                     0x08000d4d   Thumb Code     8  rt_heap_descriptor_intlibspace.o(.text)
    __use_no_heap                            0x08000d55   Thumb Code     2  hguard.o(.text)
    __heap$guard                             0x08000d57   Thumb Code     2  hguard.o(.text)
    _terminate_user_alloc                    0x08000d59   Thumb Code     2  init_alloc.o(.text)
    _init_user_alloc                         0x08000d5b   Thumb Code     2  init_alloc.o(.text)
    __Heap_Full                              0x08000d5d   Thumb Code    34  init_alloc.o(.text)
    __Heap_Broken                            0x08000d7f   Thumb Code     6  init_alloc.o(.text)
    _init_alloc                              0x08000d85   Thumb Code    94  init_alloc.o(.text)
    malloc                                   0x08000de3   Thumb Code    94  h1_alloc.o(.text)
    _fseek                                   0x08000e41   Thumb Code   242  fseek.o(.text)
    fseek                                    0x08000e41   Thumb Code     0  fseek.o(.text)
    _seterr                                  0x08000f39   Thumb Code    20  stdio.o(.text)
    _writebuf                                0x08000f4d   Thumb Code    84  stdio.o(.text)
    _fflush                                  0x08000fa1   Thumb Code    70  stdio.o(.text)
    _deferredlazyseek                        0x08000fe7   Thumb Code    60  stdio.o(.text)
    __sig_exit                               0x08001029   Thumb Code    10  defsig_exit.o(.text)
    __rt_SIGRTRED_inner                      0x08001035   Thumb Code    14  defsig_rtred_inner.o(.text)
    __rt_SIGRTMEM                            0x08001069   Thumb Code    14  defsig_rtmem_outer.o(.text)
    _sys_exit                                0x08001079   Thumb Code     8  sys_exit.o(.text)
    __I$use$semihosting                      0x08001085   Thumb Code     0  use_no_semi.o(.text)
    __use_no_semihosting_swi                 0x08001085   Thumb Code     2  use_no_semi.o(.text)
    __Heap_Initialize                        0x08001087   Thumb Code    10  h1_init.o(.text)
    __semihosting_library_function           0x08001087   Thumb Code     0  indicate_semi.o(.text)
    __Heap_DescSize                          0x08001091   Thumb Code     4  h1_init.o(.text)
    __Heap_ProvideMemory                     0x08001095   Thumb Code    52  h1_extend.o(.text)
    _ftell_internal                          0x080010c9   Thumb Code    66  ftell.o(.text)
    ftell                                    0x080010c9   Thumb Code     0  ftell.o(.text)
    __default_signal_display                 0x0800110b   Thumb Code    50  defsig_general.o(.text)
    __rt_SIGRTMEM_inner                      0x0800113d   Thumb Code    22  defsig_rtmem_inner.o(.text)
    _ttywrch                                 0x0800118d   Thumb Code    14  sys_wrch.o(.text)
    __aeabi_errno_addr                       0x0800119d   Thumb Code     8  rt_errno_addr_intlibspace.o(.text)
    __errno$intlibspace                      0x0800119d   Thumb Code     0  rt_errno_addr_intlibspace.o(.text)
    __rt_errno_addr$intlibspace              0x0800119d   Thumb Code     0  rt_errno_addr_intlibspace.o(.text)
    Acc_Update                               0x080011a5   Thumb Code    84  sensor_service.o(i.Acc_Update)
    Add_Acc_Service                          0x0800122d   Thumb Code   442  sensor_service.o(i.Add_Acc_Service)
    Add_DATATRANSMIT_Service                 0x0800141d   Thumb Code   300  sensor_service.o(i.Add_DATATRANSMIT_Service)
    Add_Environmental_Sensor_Service         0x08001581   Thumb Code   856  sensor_service.o(i.Add_Environmental_Sensor_Service)
    BNRG_SPI_Init                            0x08001915   Thumb Code    56  stm32_bluenrg_ble.o(i.BNRG_SPI_Init)
    BSP_PB_GetState                          0x08001955   Thumb Code    22  stm32f4xx_nucleo.o(i.BSP_PB_GetState)
    BSP_PB_Init                              0x08001975   Thumb Code   134  stm32f4xx_nucleo.o(i.BSP_PB_Init)
    BlueNRG_DataPresent                      0x08001a11   Thumb Code    20  stm32_bluenrg_ble.o(i.BlueNRG_DataPresent)
    BlueNRG_RST                              0x08001a29   Thumb Code    38  stm32_bluenrg_ble.o(i.BlueNRG_RST)
    BlueNRG_SPI_Read_All                     0x08001a55   Thumb Code   154  stm32_bluenrg_ble.o(i.BlueNRG_SPI_Read_All)
    BlueNRG_SPI_Write                        0x08001afd   Thumb Code   176  stm32_bluenrg_ble.o(i.BlueNRG_SPI_Write)
    Clear_SPI_EXTI_Flag                      0x08001bc1   Thumb Code     8  stm32_bluenrg_ble.o(i.Clear_SPI_EXTI_Flag)
    Clock_Time                               0x08001bcd   Thumb Code     8  clock.o(i.Clock_Time)
    Data_Update                              0x08001bd5   Thumb Code    42  sensor_service.o(i.Data_Update)
    DebugMon_Handler                         0x08001c35   Thumb Code     2  stm32xx_it.o(i.DebugMon_Handler)
    Disable_SPI_IRQ                          0x08001c37   Thumb Code    10  stm32_bluenrg_ble.o(i.Disable_SPI_IRQ)
    EXTI0_IRQHandler                         0x08001c41   Thumb Code    10  stm32xx_it.o(i.EXTI0_IRQHandler)
    EXTI15_10_IRQHandler                     0x08001c4d   Thumb Code    18  stm32xx_it.o(i.EXTI15_10_IRQHandler)
    Enable_SPI_IRQ                           0x08001c65   Thumb Code    10  stm32_bluenrg_ble.o(i.Enable_SPI_IRQ)
    GAP_ConnectionComplete_CB                0x08001c71   Thumb Code    50  sensor_service.o(i.GAP_ConnectionComplete_CB)
    GAP_DisconnectionComplete_CB             0x08001cd5   Thumb Code    28  sensor_service.o(i.GAP_DisconnectionComplete_CB)
    HAL_Delay                                0x08001d0d   Thumb Code    26  stm32f4xx_hal.o(i.HAL_Delay)
    HAL_GPIO_EXTI_Callback                   0x08001d27   Thumb Code    10  bluenrg_interface.o(i.HAL_GPIO_EXTI_Callback)
    HAL_GPIO_EXTI_IRQHandler                 0x08001d31   Thumb Code    24  stm32f4xx_hal_gpio.o(i.HAL_GPIO_EXTI_IRQHandler)
    HAL_GPIO_Init                            0x08001d4d   Thumb Code   432  stm32f4xx_hal_gpio.o(i.HAL_GPIO_Init)
    HAL_GPIO_ReadPin                         0x08001f1d   Thumb Code    16  stm32f4xx_hal_gpio.o(i.HAL_GPIO_ReadPin)
    HAL_GPIO_WritePin                        0x08001f2d   Thumb Code    12  stm32f4xx_hal_gpio.o(i.HAL_GPIO_WritePin)
    HAL_GetTick                              0x08001f39   Thumb Code     6  stm32f4xx_hal.o(i.HAL_GetTick)
    HAL_IncTick                              0x08001f45   Thumb Code    12  stm32f4xx_hal.o(i.HAL_IncTick)
    HAL_Init                                 0x08001f55   Thumb Code    54  stm32f4xx_hal.o(i.HAL_Init)
    HAL_InitTick                             0x08001f91   Thumb Code    36  stm32f4xx_hal.o(i.HAL_InitTick)
    HAL_MspInit                              0x08001fb5   Thumb Code     2  stm32f4xx_hal.o(i.HAL_MspInit)
    HAL_NVIC_DisableIRQ                      0x08001fb9   Thumb Code    22  stm32f4xx_hal_cortex.o(i.HAL_NVIC_DisableIRQ)
    HAL_NVIC_EnableIRQ                       0x08001fd5   Thumb Code    26  stm32f4xx_hal_cortex.o(i.HAL_NVIC_EnableIRQ)
    HAL_NVIC_SetPriority                     0x08001fef   Thumb Code   124  stm32f4xx_hal_cortex.o(i.HAL_NVIC_SetPriority)
    HAL_NVIC_SetPriorityGrouping             0x0800206d   Thumb Code    32  stm32f4xx_hal_cortex.o(i.HAL_NVIC_SetPriorityGrouping)
    HAL_RCC_ClockConfig                      0x08002095   Thumb Code   680  stm32f4xx_hal_rcc.o(i.HAL_RCC_ClockConfig)
    HAL_RCC_GetHCLKFreq                      0x08002345   Thumb Code    42  stm32f4xx_hal_rcc.o(i.HAL_RCC_GetHCLKFreq)
    HAL_RCC_GetPCLK1Freq                     0x0800237d   Thumb Code    36  stm32f4xx_hal_rcc.o(i.HAL_RCC_GetPCLK1Freq)
    HAL_RCC_GetPCLK2Freq                     0x080023a9   Thumb Code    36  stm32f4xx_hal_rcc.o(i.HAL_RCC_GetPCLK2Freq)
    HAL_RCC_GetSysClockFreq                  0x080023d5   Thumb Code   168  stm32f4xx_hal_rcc.o(i.HAL_RCC_GetSysClockFreq)
    HAL_RCC_OscConfig                        0x08002489   Thumb Code  1028  stm32f4xx_hal_rcc.o(i.HAL_RCC_OscConfig)
    HAL_SPI_Init                             0x0800288d   Thumb Code   136  stm32f4xx_hal_spi.o(i.HAL_SPI_Init)
    HAL_SPI_MspInit                          0x08002915   Thumb Code   410  stm32_bluenrg_ble.o(i.HAL_SPI_MspInit)
    HAL_SPI_TransmitReceive                  0x08002ac1   Thumb Code   850  stm32f4xx_hal_spi.o(i.HAL_SPI_TransmitReceive)
    HAL_SYSTICK_Config                       0x08002e13   Thumb Code    52  stm32f4xx_hal_cortex.o(i.HAL_SYSTICK_Config)
    HAL_UART_ErrorCallback                   0x08002e47   Thumb Code     2  stm32f4xx_hal_uart.o(i.HAL_UART_ErrorCallback)
    HAL_UART_GetState                        0x08002e49   Thumb Code     8  stm32f4xx_hal_uart.o(i.HAL_UART_GetState)
    HAL_UART_IRQHandler                      0x08002e51   Thumb Code   288  stm32f4xx_hal_uart.o(i.HAL_UART_IRQHandler)
    HAL_UART_Init                            0x08002f71   Thumb Code   110  stm32f4xx_hal_uart.o(i.HAL_UART_Init)
    HAL_UART_MspInit                         0x08002fdf   Thumb Code     2  stm32f4xx_hal_uart.o(i.HAL_UART_MspInit)
    HAL_UART_Receive                         0x08002fe1   Thumb Code   248  stm32f4xx_hal_uart.o(i.HAL_UART_Receive)
    HAL_UART_Receive_IT                      0x080030d9   Thumb Code   134  stm32f4xx_hal_uart.o(i.HAL_UART_Receive_IT)
    HAL_UART_RxCpltCallback                  0x0800315f   Thumb Code     2  main.o(i.HAL_UART_RxCpltCallback)
    HAL_UART_TxCpltCallback                  0x08003161   Thumb Code     2  stm32f4xx_hal_uart.o(i.HAL_UART_TxCpltCallback)
    HCI_Event_CB                             0x08003163   Thumb Code   106  sensor_service.o(i.HCI_Event_CB)
    HCI_Init                                 0x080031cd   Thumb Code    48  hci.o(i.HCI_Init)
    HCI_Isr                                  0x08003209   Thumb Code   118  hci.o(i.HCI_Isr)
    HCI_Process                              0x08003291   Thumb Code   116  hci.o(i.HCI_Process)
    HCI_Queue_Empty                          0x08003315   Thumb Code    10  hci.o(i.HCI_Queue_Empty)
    HCI_verify                               0x08003325   Thumb Code    36  hci.o(i.HCI_verify)
    Hal_Write_Serial                         0x08003349   Thumb Code    70  stm32_bluenrg_ble.o(i.Hal_Write_Serial)
    HardFault_Handler                        0x08003399   Thumb Code     4  stm32xx_it.o(i.HardFault_Handler)
    Humidity_Update                          0x0800339d   Thumb Code    42  sensor_service.o(i.Humidity_Update)
    ITM_SendChar                             0x080033fd   Thumb Code    42  retarget_io.o(i.ITM_SendChar)
    MX_GPIO_Init                             0x0800342d   Thumb Code   194  gpio.o(i.MX_GPIO_Init)
    MX_USART6_UART_Init                      0x08003501   Thumb Code   118  uart.o(i.MX_USART6_UART_Init)
    NMI_Handler                              0x08003589   Thumb Code     2  stm32xx_it.o(i.NMI_Handler)
    Osal_MemCpy                              0x080035c5   Thumb Code    20  osal.o(i.Osal_MemCpy)
    Osal_MemSet                              0x080035d9   Thumb Code    20  osal.o(i.Osal_MemSet)
    PendSV_Handler                           0x080035ed   Thumb Code     2  stm32xx_it.o(i.PendSV_Handler)
    Press_Update                             0x080035f1   Thumb Code    42  sensor_service.o(i.Press_Update)
    Read_Request_CB                          0x08003651   Thumb Code   226  sensor_service.o(i.Read_Request_CB)
    SVC_Handler                              0x08003871   Thumb Code     2  stm32xx_it.o(i.SVC_Handler)
    SysTick_Handler                          0x08003875   Thumb Code    18  stm32xx_it.o(i.SysTick_Handler)
    SystemClock_Config                       0x0800388d   Thumb Code    66  cube_hal_f4.o(i.SystemClock_Config)
    SystemInit                               0x080038d1   Thumb Code    82  system_stm32f4xx.o(i.SystemInit)
    Temp_Update                              0x08003935   Thumb Code    42  sensor_service.o(i.Temp_Update)
    Timer_Expired                            0x08003995   Thumb Code    28  gp_timer.o(i.Timer_Expired)
    Timer_Set                                0x080039b1   Thumb Code    16  gp_timer.o(i.Timer_Set)
    USART6_IRQHandler                        0x08003e55   Thumb Code    10  stm32xx_it.o(i.USART6_IRQHandler)
    _is_digit                                0x08003e71   Thumb Code    14  __printf_wp.o(i._is_digit)
    _sys_close                               0x08003e7f   Thumb Code    38  retarget_io.o(i._sys_close)
    _sys_flen                                0x08003ea5   Thumb Code    36  retarget_io.o(i._sys_flen)
    _sys_istty                               0x08003ec9   Thumb Code    36  retarget_io.o(i._sys_istty)
    _sys_open                                0x08003eed   Thumb Code    80  retarget_io.o(i._sys_open)
    _sys_seek                                0x08003f55   Thumb Code    44  retarget_io.o(i._sys_seek)
    _sys_write                               0x08003f81   Thumb Code    70  retarget_io.o(i._sys_write)
    aci_gap_init_IDB04A1                     0x08003fc7   Thumb Code   114  bluenrg_gap_aci.o(i.aci_gap_init_IDB04A1)
    aci_gap_init_IDB05A1                     0x08004039   Thumb Code   136  bluenrg_gap_aci.o(i.aci_gap_init_IDB05A1)
    aci_gap_set_auth_requirement             0x080040c1   Thumb Code   136  bluenrg_gap_aci.o(i.aci_gap_set_auth_requirement)
    aci_gap_set_discoverable                 0x08004149   Thumb Code   268  bluenrg_gap_aci.o(i.aci_gap_set_discoverable)
    aci_gatt_add_char                        0x08004255   Thumb Code   224  bluenrg_gatt_aci.o(i.aci_gatt_add_char)
    aci_gatt_add_char_desc                   0x08004335   Thumb Code   274  bluenrg_gatt_aci.o(i.aci_gatt_add_char_desc)
    aci_gatt_add_serv                        0x08004447   Thumb Code   160  bluenrg_gatt_aci.o(i.aci_gatt_add_serv)
    aci_gatt_allow_read                      0x080044e7   Thumb Code    72  bluenrg_gatt_aci.o(i.aci_gatt_allow_read)
    aci_gatt_init                            0x0800452f   Thumb Code    60  bluenrg_gatt_aci.o(i.aci_gatt_init)
    aci_gatt_update_char_value               0x0800456b   Thumb Code   170  bluenrg_gatt_aci.o(i.aci_gatt_update_char_value)
    aci_hal_set_tx_power_level               0x08004615   Thumb Code    88  bluenrg_hal_aci.o(i.aci_hal_set_tx_power_level)
    aci_hal_write_config_data                0x0800466d   Thumb Code   124  bluenrg_hal_aci.o(i.aci_hal_write_config_data)
    fputc                                    0x080046e9   Thumb Code    52  fput_debug.o(i.fputc)
    getBlueNRGVersion                        0x08004721   Thumb Code    86  bluenrg_utils_small.o(i.getBlueNRGVersion)
    hci_le_read_local_version                0x08004777   Thumb Code   132  hci.o(i.hci_le_read_local_version)
    hci_le_set_scan_resp_data                0x080047fb   Thumb Code   106  hci.o(i.hci_le_set_scan_resp_data)
    hci_send_cmd                             0x08004865   Thumb Code    60  hci.o(i.hci_send_cmd)
    hci_send_req                             0x080048a1   Thumb Code   428  hci.o(i.hci_send_req)
    hci_write                                0x08004a59   Thumb Code    28  hci.o(i.hci_write)
    list_init_head                           0x08004a75   Thumb Code     6  list.o(i.list_init_head)
    list_insert_head                         0x08004a7b   Thumb Code    34  list.o(i.list_insert_head)
    list_insert_tail                         0x08004a9d   Thumb Code    34  list.o(i.list_insert_tail)
    list_is_empty                            0x08004abf   Thumb Code    34  list.o(i.list_is_empty)
    list_remove_head                         0x08004ae1   Thumb Code    42  list.o(i.list_remove_head)
    list_remove_node                         0x08004b0b   Thumb Code    32  list.o(i.list_remove_node)
    main                                     0x08004b2d   Thumb Code   770  main.o(i.main)
    setConnectable                           0x08005119   Thumb Code    74  sensor_service.o(i.setConnectable)
    set_irq_as_input                         0x080051b5   Thumb Code    48  stm32_bluenrg_ble.o(i.set_irq_as_input)
    set_irq_as_output                        0x080051ed   Thumb Code    40  stm32_bluenrg_ble.o(i.set_irq_as_output)
    _fp_init                                 0x08005241   Thumb Code    10  fpinit.o(x$fpl$fpinit)
    __fplib_config_fpu_vfp                   0x08005249   Thumb Code     0  fpinit.o(x$fpl$fpinit)
    __fplib_config_pureend_doubles           0x08005249   Thumb Code     0  fpinit.o(x$fpl$fpinit)
    CLOCK_SECOND                             0x0800524c   Data           4  clock.o(.constdata)
    GPIO_PIN                                 0x08005250   Data           2  stm32f4xx_nucleo.o(.constdata)
    BUTTON_PIN                               0x08005252   Data           2  stm32f4xx_nucleo.o(.constdata)
    BUTTON_IRQn                              0x08005254   Data           1  stm32f4xx_nucleo.o(.constdata)
    APBAHBPrescTable                         0x08005255   Data          16  stm32f4xx_hal_rcc.o(.constdata)
    __stdin_name                             0x08005265   Data           7  retarget_io.o(.constdata)
    __stdout_name                            0x0800526c   Data           8  retarget_io.o(.constdata)
    __stderr_name                            0x08005274   Data           8  retarget_io.o(.constdata)
    Region$$Table$$Base                      0x080053dc   Number         0  anon$$obj.o(Region$$Table)
    Region$$Table$$Limit                     0x080053fc   Number         0  anon$$obj.o(Region$$Table)
    ms_counter                               0x20000000   Data           4  stm32xx_it.o(.data)
    button_event                             0x20000004   Data           1  stm32xx_it.o(.data)
    rece_buffer                              0x20000008   Data           1  main.o(.data)
    count                                    0x2000000c   Data           4  main.o(.data)
    count_p                                  0x20000010   Data           4  main.o(.data)
    rece_flag                                0x20000014   Data           4  main.o(.data)
    rece_flag_p                              0x20000018   Data           4  main.o(.data)
    send_flag                                0x2000001c   Data           4  main.o(.data)
    send_flag_p                              0x20000020   Data           4  main.o(.data)
    sample                                   0x20000024   Data          20  main.o(.data)
    bnrg_expansion_board                     0x20000038   Data           1  main.o(.data)
    connected                                0x2000003c   Data           4  sensor_service.o(.data)
    set_connectable                          0x20000040   Data           1  sensor_service.o(.data)
    connection_handle                        0x20000042   Data           2  sensor_service.o(.data)
    notification_enabled                     0x20000044   Data           1  sensor_service.o(.data)
    SendData                                 0x20000045   Data           1  sensor_service.o(.data)
    sampleServHandle                         0x20000046   Data           2  sensor_service.o(.data)
    TXCharHandle                             0x20000048   Data           2  sensor_service.o(.data)
    RXCharHandle                             0x2000004a   Data           2  sensor_service.o(.data)
    accServHandle                            0x2000004c   Data           2  sensor_service.o(.data)
    freeFallCharHandle                       0x2000004e   Data           2  sensor_service.o(.data)
    accCharHandle                            0x20000050   Data           2  sensor_service.o(.data)
    envSensServHandle                        0x20000052   Data           2  sensor_service.o(.data)
    tempCharHandle                           0x20000054   Data           2  sensor_service.o(.data)
    pressCharHandle                          0x20000056   Data           2  sensor_service.o(.data)
    humidityCharHandle                       0x20000058   Data           2  sensor_service.o(.data)
    DATAServHandle                           0x2000005a   Data           2  sensor_service.o(.data)
    DATACharHandle                           0x2000005c   Data           2  sensor_service.o(.data)
    hciReadPktPool                           0x20000060   Data           8  hci.o(.data)
    hciReadPktRxQueue                        0x20000068   Data           8  hci.o(.data)
    GPIO_PORT                                0x20000074   Data           4  stm32f4xx_nucleo.o(.data)
    BUTTON_PORT                              0x20000078   Data           4  stm32f4xx_nucleo.o(.data)
    SpixTimeout                              0x2000007c   Data           4  stm32f4xx_nucleo.o(.data)
    SystemCoreClock                          0x20000080   Data           4  system_stm32f4xx.o(.data)
    AHBPrescTable                            0x20000084   Data          16  system_stm32f4xx.o(.data)
    __aeabi_stdin                            0x20000098   Data           4  stdio_streams.o(.data)
    __aeabi_stdout                           0x2000009c   Data           4  stdio_streams.o(.data)
    __aeabi_stderr                           0x200000a0   Data           4  stdio_streams.o(.data)
    p_data                                   0x200000a4   Data       10000  main.o(.bss)
    p_data_p                                 0x200027b4   Data        2000  main.o(.bss)
    axes_data                                0x20002f84   Data          12  sensor_service.o(.bss)
    huart6                                   0x20002f90   Data          64  uart.o(.bss)
    SpiHandle                                0x2000328c   Data          88  stm32_bluenrg_ble.o(.bss)
    _random_number_data                      0x200032e4   Data         228  rand.o(.bss)
    __stdin                                  0x200033c8   Data          84  stdio_streams.o(.bss)
    __stdout                                 0x2000341c   Data          84  stdio_streams.o(.bss)
    __stderr                                 0x20003470   Data          84  stdio_streams.o(.bss)
    __libspace_start                         0x200034c4   Data          96  libspace.o(.bss)
    __temporary_stack_top$libspace           0x20003524   Data           0  libspace.o(.bss)



==============================================================================

Memory Map of the image

  Image Entry point : 0x0800028d

  Load Region LR_1 (Base: 0x08000000, Size: 0x000054a0, Max: 0xffffffff, ABSOLUTE)

    Execution Region ER_RO (Base: 0x08000000, Size: 0x000053fc, Max: 0xffffffff, ABSOLUTE)

    Base Addr    Size         Type   Attr      Idx    E Section Name        Object

    0x08000000   0x00000194   Data   RO         5111    RESET               startup_stm32f401xe.o
    0x08000194   0x00000008   Code   RO         5274  * !!!main             c_w.l(__main.o)
    0x0800019c   0x00000034   Code   RO         5603    !!!scatter          c_w.l(__scatter.o)
    0x080001d0   0x0000001a   Code   RO         5605    !!handler_copy      c_w.l(__scatter_copy.o)
    0x080001ea   0x00000002   PAD
    0x080001ec   0x0000001c   Code   RO         5607    !!handler_zi        c_w.l(__scatter_zi.o)
    0x08000208   0x00000000   Code   RO         5258    .ARM.Collect$$_printf_percent$$00000000  c_w.l(_printf_percent.o)
    0x08000208   0x00000006   Code   RO         5257    .ARM.Collect$$_printf_percent$$00000009  c_w.l(_printf_d.o)
    0x0800020e   0x00000006   Code   RO         5256    .ARM.Collect$$_printf_percent$$0000000C  c_w.l(_printf_x.o)
    0x08000214   0x00000004   Code   RO         5285    .ARM.Collect$$_printf_percent$$00000017  c_w.l(_printf_percent_end.o)
    0x08000218   0x00000002   Code   RO         5468    .ARM.Collect$$libinit$$00000000  c_w.l(libinit.o)
    0x0800021a   0x00000004   Code   RO         5296    .ARM.Collect$$libinit$$00000001  c_w.l(libinit2.o)
    0x0800021e   0x00000000   Code   RO         5299    .ARM.Collect$$libinit$$00000004  c_w.l(libinit2.o)
    0x0800021e   0x00000008   Code   RO         5300    .ARM.Collect$$libinit$$00000005  c_w.l(libinit2.o)
    0x08000226   0x00000000   Code   RO         5302    .ARM.Collect$$libinit$$0000000A  c_w.l(libinit2.o)
    0x08000226   0x00000000   Code   RO         5304    .ARM.Collect$$libinit$$0000000C  c_w.l(libinit2.o)
    0x08000226   0x00000004   Code   RO         5305    .ARM.Collect$$libinit$$0000000D  c_w.l(libinit2.o)
    0x0800022a   0x00000000   Code   RO         5306    .ARM.Collect$$libinit$$0000000E  c_w.l(libinit2.o)
    0x0800022a   0x00000000   Code   RO         5309    .ARM.Collect$$libinit$$00000011  c_w.l(libinit2.o)
    0x0800022a   0x00000000   Code   RO         5311    .ARM.Collect$$libinit$$00000013  c_w.l(libinit2.o)
    0x0800022a   0x00000000   Code   RO         5313    .ARM.Collect$$libinit$$00000015  c_w.l(libinit2.o)
    0x0800022a   0x00000000   Code   RO         5315    .ARM.Collect$$libinit$$00000017  c_w.l(libinit2.o)
    0x0800022a   0x00000000   Code   RO         5317    .ARM.Collect$$libinit$$00000019  c_w.l(libinit2.o)
    0x0800022a   0x00000000   Code   RO         5319    .ARM.Collect$$libinit$$0000001B  c_w.l(libinit2.o)
    0x0800022a   0x00000000   Code   RO         5321    .ARM.Collect$$libinit$$0000001D  c_w.l(libinit2.o)
    0x0800022a   0x00000000   Code   RO         5323    .ARM.Collect$$libinit$$0000001F  c_w.l(libinit2.o)
    0x0800022a   0x00000000   Code   RO         5325    .ARM.Collect$$libinit$$00000021  c_w.l(libinit2.o)
    0x0800022a   0x00000000   Code   RO         5327    .ARM.Collect$$libinit$$00000023  c_w.l(libinit2.o)
    0x0800022a   0x00000004   Code   RO         5328    .ARM.Collect$$libinit$$00000024  c_w.l(libinit2.o)
    0x0800022e   0x00000000   Code   RO         5329    .ARM.Collect$$libinit$$00000025  c_w.l(libinit2.o)
    0x0800022e   0x00000000   Code   RO         5333    .ARM.Collect$$libinit$$0000002C  c_w.l(libinit2.o)
    0x0800022e   0x00000000   Code   RO         5335    .ARM.Collect$$libinit$$0000002E  c_w.l(libinit2.o)
    0x0800022e   0x00000000   Code   RO         5337    .ARM.Collect$$libinit$$00000030  c_w.l(libinit2.o)
    0x0800022e   0x00000000   Code   RO         5339    .ARM.Collect$$libinit$$00000032  c_w.l(libinit2.o)
    0x0800022e   0x00000002   Code   RO         5340    .ARM.Collect$$libinit$$00000033  c_w.l(libinit2.o)
    0x08000230   0x00000002   Code   RO         5584    .ARM.Collect$$libshutdown$$00000000  c_w.l(libshutdown.o)
    0x08000232   0x00000004   Code   RO         5470    .ARM.Collect$$libshutdown$$00000002  c_w.l(libshutdown2.o)
    0x08000236   0x00000000   Code   RO         5471    .ARM.Collect$$libshutdown$$00000003  c_w.l(libshutdown2.o)
    0x08000236   0x00000000   Code   RO         5474    .ARM.Collect$$libshutdown$$00000006  c_w.l(libshutdown2.o)
    0x08000236   0x00000000   Code   RO         5477    .ARM.Collect$$libshutdown$$00000009  c_w.l(libshutdown2.o)
    0x08000236   0x00000000   Code   RO         5479    .ARM.Collect$$libshutdown$$0000000B  c_w.l(libshutdown2.o)
    0x08000236   0x00000000   Code   RO         5482    .ARM.Collect$$libshutdown$$0000000E  c_w.l(libshutdown2.o)
    0x08000236   0x00000002   Code   RO         5483    .ARM.Collect$$libshutdown$$0000000F  c_w.l(libshutdown2.o)
    0x08000238   0x00000000   Code   RO         5276    .ARM.Collect$$rtentry$$00000000  c_w.l(__rtentry.o)
    0x08000238   0x00000000   Code   RO         5342    .ARM.Collect$$rtentry$$00000002  c_w.l(__rtentry2.o)
    0x08000238   0x00000006   Code   RO         5354    .ARM.Collect$$rtentry$$00000004  c_w.l(__rtentry4.o)
    0x0800023e   0x00000000   Code   RO         5344    .ARM.Collect$$rtentry$$00000009  c_w.l(__rtentry2.o)
    0x0800023e   0x00000004   Code   RO         5345    .ARM.Collect$$rtentry$$0000000A  c_w.l(__rtentry2.o)
    0x08000242   0x00000000   Code   RO         5347    .ARM.Collect$$rtentry$$0000000C  c_w.l(__rtentry2.o)
    0x08000242   0x00000008   Code   RO         5348    .ARM.Collect$$rtentry$$0000000D  c_w.l(__rtentry2.o)
    0x0800024a   0x00000002   Code   RO         5489    .ARM.Collect$$rtexit$$00000000  c_w.l(rtexit.o)
    0x0800024c   0x00000000   Code   RO         5542    .ARM.Collect$$rtexit$$00000002  c_w.l(rtexit2.o)
    0x0800024c   0x00000004   Code   RO         5543    .ARM.Collect$$rtexit$$00000003  c_w.l(rtexit2.o)
    0x08000250   0x00000006   Code   RO         5544    .ARM.Collect$$rtexit$$00000004  c_w.l(rtexit2.o)
    0x08000256   0x00000002   PAD
    0x08000258   0x00000034   Code   RO         5259    .emb_text           c_w.l(rand.o)
    0x0800028c   0x00000000   Code   RO         5548    .emb_text           c_w.l(maybetermalloc1.o)
    0x0800028c   0x00000040   Code   RO         5112  * .text               startup_stm32f401xe.o
    0x080002cc   0x000000ee   Code   RO         5203    .text               c_w.l(lludivv7m.o)
    0x080003ba   0x00000002   PAD
    0x080003bc   0x00000018   Code   RO         5207    .text               c_w.l(noretval__2printf.o)
    0x080003d4   0x0000004e   Code   RO         5211    .text               c_w.l(_printf_pad.o)
    0x08000422   0x00000002   PAD
    0x08000424   0x00000078   Code   RO         5213    .text               c_w.l(_printf_dec.o)
    0x0800049c   0x00000058   Code   RO         5218    .text               c_w.l(_printf_hex_int.o)
    0x080004f4   0x00000138   Code   RO         5248    .text               c_w.l(__printf_flags_wp.o)
    0x0800062c   0x0000003c   Code   RO         5260    .text               c_w.l(rand.o)
    0x08000668   0x0000003e   Code   RO         5264    .text               c_w.l(strlen.o)
    0x080006a6   0x00000008   Code   RO         5266    .text               c_w.l(memcpy.o)
    0x080006ae   0x00000016   Code   RO         5268    .text               c_w.l(memset.o)
    0x080006c4   0x00000080   Code   RO         5270    .text               c_w.l(strcmpv7m.o)
    0x08000744   0x00000006   Code   RO         5272    .text               c_w.l(heapauxi.o)
    0x0800074a   0x000000b2   Code   RO         5281    .text               c_w.l(_printf_intcommon.o)
    0x080007fc   0x00000024   Code   RO         5283    .text               c_w.l(_printf_char_file.o)
    0x08000820   0x0000008a   Code   RO         5292    .text               c_w.l(rt_memcpy_v6.o)
    0x080008aa   0x00000044   Code   RO         5294    .text               c_w.l(rt_memclr.o)
    0x080008ee   0x00000002   PAD
    0x080008f0   0x00000030   Code   RO         5358    .text               c_w.l(_printf_char_common.o)
    0x08000920   0x00000008   Code   RO         5360    .text               c_w.l(ferror.o)
    0x08000928   0x00000138   Code   RO         5362    .text               c_w.l(initio.o)
    0x08000a60   0x00000064   Code   RO         5368    .text               c_w.l(rt_memcpy_w.o)
    0x08000ac4   0x0000004e   Code   RO         5370    .text               c_w.l(rt_memclr_w.o)
    0x08000b12   0x0000004a   Code   RO         5378    .text               c_w.l(sys_stackheap_outer.o)
    0x08000b5c   0x0000004e   Code   RO         5382    .text               c_w.l(h1_free.o)
    0x08000baa   0x00000046   Code   RO         5438    .text               c_w.l(setvbuf.o)
    0x08000bf0   0x000000ec   Code   RO         5441    .text               c_w.l(fopen.o)
    0x08000cdc   0x0000004c   Code   RO         5443    .text               c_w.l(fclose.o)
    0x08000d28   0x0000000c   Code   RO         5449    .text               c_w.l(exit.o)
    0x08000d34   0x0000000e   Code   RO         5455    .text               c_w.l(defsig_rtred_outer.o)
    0x08000d42   0x00000002   PAD
    0x08000d44   0x00000008   Code   RO         5486    .text               c_w.l(libspace.o)
    0x08000d4c   0x00000008   Code   RO         5496    .text               c_w.l(rt_heap_descriptor_intlibspace.o)
    0x08000d54   0x00000004   Code   RO         5498    .text               c_w.l(hguard.o)
    0x08000d58   0x0000008a   Code   RO         5502    .text               c_w.l(init_alloc.o)
    0x08000de2   0x0000005e   Code   RO         5508    .text               c_w.l(h1_alloc.o)
    0x08000e40   0x000000f8   Code   RO         5522    .text               c_w.l(fseek.o)
    0x08000f38   0x000000f0   Code   RO         5524    .text               c_w.l(stdio.o)
    0x08001028   0x0000000a   Code   RO         5526    .text               c_w.l(defsig_exit.o)
    0x08001032   0x00000002   PAD
    0x08001034   0x00000034   Code   RO         5530    .text               c_w.l(defsig_rtred_inner.o)
    0x08001068   0x0000000e   Code   RO         5532    .text               c_w.l(defsig_rtmem_outer.o)
    0x08001076   0x00000002   PAD
    0x08001078   0x0000000c   Code   RO         5536    .text               c_w.l(sys_exit.o)
    0x08001084   0x00000002   Code   RO         5538    .text               c_w.l(use_no_semi.o)
    0x08001086   0x00000000   Code   RO         5540    .text               c_w.l(indicate_semi.o)
    0x08001086   0x0000000e   Code   RO         5550    .text               c_w.l(h1_init.o)
    0x08001094   0x00000034   Code   RO         5552    .text               c_w.l(h1_extend.o)
    0x080010c8   0x00000042   Code   RO         5558    .text               c_w.l(ftell.o)
    0x0800110a   0x00000032   Code   RO         5562    .text               c_w.l(defsig_general.o)
    0x0800113c   0x00000050   Code   RO         5564    .text               c_w.l(defsig_rtmem_inner.o)
    0x0800118c   0x0000000e   Code   RO         5571    .text               c_w.l(sys_wrch.o)
    0x0800119a   0x00000002   PAD
    0x0800119c   0x00000008   Code   RO         5576    .text               c_w.l(rt_errno_addr_intlibspace.o)
    0x080011a4   0x00000088   Code   RO          434    i.Acc_Update        sensor_service.o
    0x0800122c   0x000001f0   Code   RO          435    i.Add_Acc_Service   sensor_service.o
    0x0800141c   0x00000164   Code   RO          436    i.Add_DATATRANSMIT_Service  sensor_service.o
    0x08001580   0x00000394   Code   RO          437    i.Add_Environmental_Sensor_Service  sensor_service.o
    0x08001914   0x00000040   Code   RO         1992    i.BNRG_SPI_Init     stm32_bluenrg_ble.o
    0x08001954   0x00000020   Code   RO         1776    i.BSP_PB_GetState   stm32f4xx_nucleo.o
    0x08001974   0x0000009c   Code   RO         1777    i.BSP_PB_Init       stm32f4xx_nucleo.o
    0x08001a10   0x00000018   Code   RO         1993    i.BlueNRG_DataPresent  stm32_bluenrg_ble.o
    0x08001a28   0x0000002c   Code   RO         1995    i.BlueNRG_RST       stm32_bluenrg_ble.o
    0x08001a54   0x000000a8   Code   RO         1996    i.BlueNRG_SPI_Read_All  stm32_bluenrg_ble.o
    0x08001afc   0x000000c4   Code   RO         1997    i.BlueNRG_SPI_Write  stm32_bluenrg_ble.o
    0x08001bc0   0x0000000c   Code   RO         1998    i.Clear_SPI_EXTI_Flag  stm32_bluenrg_ble.o
    0x08001bcc   0x00000008   Code   RO          166    i.Clock_Time        clock.o
    0x08001bd4   0x00000060   Code   RO          438    i.Data_Update       sensor_service.o
    0x08001c34   0x00000002   Code   RO          245    i.DebugMon_Handler  stm32xx_it.o
    0x08001c36   0x0000000a   Code   RO         2000    i.Disable_SPI_IRQ   stm32_bluenrg_ble.o
    0x08001c40   0x0000000a   Code   RO          246    i.EXTI0_IRQHandler  stm32xx_it.o
    0x08001c4a   0x00000002   PAD
    0x08001c4c   0x00000018   Code   RO          247    i.EXTI15_10_IRQHandler  stm32xx_it.o
    0x08001c64   0x0000000a   Code   RO         2001    i.Enable_SPI_IRQ    stm32_bluenrg_ble.o
    0x08001c6e   0x00000002   PAD
    0x08001c70   0x00000064   Code   RO          440    i.GAP_ConnectionComplete_CB  sensor_service.o
    0x08001cd4   0x00000038   Code   RO          441    i.GAP_DisconnectionComplete_CB  sensor_service.o
    0x08001d0c   0x0000001a   Code   RO         2123    i.HAL_Delay         stm32f4xx_hal.o
    0x08001d26   0x0000000a   Code   RO            4    i.HAL_GPIO_EXTI_Callback  bluenrg_interface.o
    0x08001d30   0x0000001c   Code   RO         3080    i.HAL_GPIO_EXTI_IRQHandler  stm32f4xx_hal_gpio.o
    0x08001d4c   0x000001d0   Code   RO         3081    i.HAL_GPIO_Init     stm32f4xx_hal_gpio.o
    0x08001f1c   0x00000010   Code   RO         3083    i.HAL_GPIO_ReadPin  stm32f4xx_hal_gpio.o
    0x08001f2c   0x0000000c   Code   RO         3085    i.HAL_GPIO_WritePin  stm32f4xx_hal_gpio.o
    0x08001f38   0x0000000c   Code   RO         2129    i.HAL_GetTick       stm32f4xx_hal.o
    0x08001f44   0x00000010   Code   RO         2130    i.HAL_IncTick       stm32f4xx_hal.o
    0x08001f54   0x0000003c   Code   RO         2131    i.HAL_Init          stm32f4xx_hal.o
    0x08001f90   0x00000024   Code   RO         2132    i.HAL_InitTick      stm32f4xx_hal.o
    0x08001fb4   0x00000002   Code   RO         2134    i.HAL_MspInit       stm32f4xx_hal.o
    0x08001fb6   0x00000002   PAD
    0x08001fb8   0x0000001c   Code   RO         2551    i.HAL_NVIC_DisableIRQ  stm32f4xx_hal_cortex.o
    0x08001fd4   0x0000001a   Code   RO         2552    i.HAL_NVIC_EnableIRQ  stm32f4xx_hal_cortex.o
    0x08001fee   0x0000007c   Code   RO         2558    i.HAL_NVIC_SetPriority  stm32f4xx_hal_cortex.o
    0x0800206a   0x00000002   PAD
    0x0800206c   0x00000028   Code   RO         2559    i.HAL_NVIC_SetPriorityGrouping  stm32f4xx_hal_cortex.o
    0x08002094   0x000002b0   Code   RO         3355    i.HAL_RCC_ClockConfig  stm32f4xx_hal_rcc.o
    0x08002344   0x00000038   Code   RO         3360    i.HAL_RCC_GetHCLKFreq  stm32f4xx_hal_rcc.o
    0x0800237c   0x0000002c   Code   RO         3362    i.HAL_RCC_GetPCLK1Freq  stm32f4xx_hal_rcc.o
    0x080023a8   0x0000002c   Code   RO         3363    i.HAL_RCC_GetPCLK2Freq  stm32f4xx_hal_rcc.o
    0x080023d4   0x000000b4   Code   RO         3364    i.HAL_RCC_GetSysClockFreq  stm32f4xx_hal_rcc.o
    0x08002488   0x00000404   Code   RO         3367    i.HAL_RCC_OscConfig  stm32f4xx_hal_rcc.o
    0x0800288c   0x00000088   Code   RO         3511    i.HAL_SPI_Init      stm32f4xx_hal_spi.o
    0x08002914   0x000001ac   Code   RO         2002    i.HAL_SPI_MspInit   stm32_bluenrg_ble.o
    0x08002ac0   0x00000352   Code   RO         3520    i.HAL_SPI_TransmitReceive  stm32f4xx_hal_spi.o
    0x08002e12   0x00000034   Code   RO         2563    i.HAL_SYSTICK_Config  stm32f4xx_hal_cortex.o
    0x08002e46   0x00000002   Code   RO         4651    i.HAL_UART_ErrorCallback  stm32f4xx_hal_uart.o
    0x08002e48   0x00000008   Code   RO         4653    i.HAL_UART_GetState  stm32f4xx_hal_uart.o
    0x08002e50   0x00000120   Code   RO         4654    i.HAL_UART_IRQHandler  stm32f4xx_hal_uart.o
    0x08002f70   0x0000006e   Code   RO         4655    i.HAL_UART_Init     stm32f4xx_hal_uart.o
    0x08002fde   0x00000002   Code   RO         4657    i.HAL_UART_MspInit  stm32f4xx_hal_uart.o
    0x08002fe0   0x000000f8   Code   RO         4658    i.HAL_UART_Receive  stm32f4xx_hal_uart.o
    0x080030d8   0x00000086   Code   RO         4660    i.HAL_UART_Receive_IT  stm32f4xx_hal_uart.o
    0x0800315e   0x00000002   Code   RO          332    i.HAL_UART_RxCpltCallback  main.o
    0x08003160   0x00000002   Code   RO         4666    i.HAL_UART_TxCpltCallback  stm32f4xx_hal_uart.o
    0x08003162   0x0000006a   Code   RO          442    i.HCI_Event_CB      sensor_service.o
    0x080031cc   0x0000003c   Code   RO          676    i.HCI_Init          hci.o
    0x08003208   0x00000088   Code   RO          677    i.HCI_Isr           hci.o
    0x08003290   0x00000084   Code   RO          678    i.HCI_Process       hci.o
    0x08003314   0x00000010   Code   RO          679    i.HCI_Queue_Empty   hci.o
    0x08003324   0x00000024   Code   RO          680    i.HCI_verify        hci.o
    0x08003348   0x00000050   Code   RO         2003    i.Hal_Write_Serial  stm32_bluenrg_ble.o
    0x08003398   0x00000004   Code   RO          248    i.HardFault_Handler  stm32xx_it.o
    0x0800339c   0x00000060   Code   RO          443    i.Humidity_Update   sensor_service.o
    0x080033fc   0x00000030   Code   RO         5117    i.ITM_SendChar      retarget_io.o
    0x0800342c   0x000000d4   Code   RO          580    i.MX_GPIO_Init      gpio.o
    0x08003500   0x00000088   Code   RO          642    i.MX_USART6_UART_Init  uart.o
    0x08003588   0x00000002   Code   RO          249    i.NMI_Handler       stm32xx_it.o
    0x0800358a   0x00000002   PAD
    0x0800358c   0x00000010   Code   RO         2565    i.NVIC_GetPriorityGrouping  stm32f4xx_hal_cortex.o
    0x0800359c   0x00000028   Code   RO         2566    i.NVIC_SetPriority  stm32f4xx_hal_cortex.o
    0x080035c4   0x00000014   Code   RO         1746    i.Osal_MemCpy       osal.o
    0x080035d8   0x00000014   Code   RO         1747    i.Osal_MemSet       osal.o
    0x080035ec   0x00000002   Code   RO          250    i.PendSV_Handler    stm32xx_it.o
    0x080035ee   0x00000002   PAD
    0x080035f0   0x00000060   Code   RO          444    i.Press_Update      sensor_service.o
    0x08003650   0x0000010c   Code   RO          445    i.Read_Request_CB   sensor_service.o
    0x0800375c   0x00000114   Code   RO         3542    i.SPI_WaitOnFlagUntilTimeout  stm32f4xx_hal_spi.o
    0x08003870   0x00000002   Code   RO          251    i.SVC_Handler       stm32xx_it.o
    0x08003872   0x00000002   PAD
    0x08003874   0x00000018   Code   RO          252    i.SysTick_Handler   stm32xx_it.o
    0x0800388c   0x00000042   Code   RO          217    i.SystemClock_Config  cube_hal_f4.o
    0x080038ce   0x00000002   PAD
    0x080038d0   0x00000064   Code   RO         1953    i.SystemInit        system_stm32f4xx.o
    0x08003934   0x00000060   Code   RO          446    i.Temp_Update       sensor_service.o
    0x08003994   0x0000001c   Code   RO         1603    i.Timer_Expired     gp_timer.o
    0x080039b0   0x00000010   Code   RO         1607    i.Timer_Set         gp_timer.o
    0x080039c0   0x00000048   Code   RO         4673    i.UART_EndTransmit_IT  stm32f4xx_hal_uart.o
    0x08003a08   0x000000bc   Code   RO         4674    i.UART_Receive_IT   stm32f4xx_hal_uart.o
    0x08003ac4   0x00000224   Code   RO         4675    i.UART_SetConfig    stm32f4xx_hal_uart.o
    0x08003ce8   0x00000070   Code   RO         4676    i.UART_Transmit_IT  stm32f4xx_hal_uart.o
    0x08003d58   0x000000fa   Code   RO         4677    i.UART_WaitOnFlagUntilTimeout  stm32f4xx_hal_uart.o
    0x08003e52   0x00000002   PAD
    0x08003e54   0x00000010   Code   RO          253    i.USART6_IRQHandler  stm32xx_it.o
    0x08003e64   0x00000006   Code   RO         1642    i.__get_PRIMASK     list.o
    0x08003e6a   0x00000006   Code   RO         1643    i.__set_PRIMASK     list.o
    0x08003e70   0x0000000e   Code   RO         5246    i._is_digit         c_w.l(__printf_wp.o)
    0x08003e7e   0x00000026   Code   RO         5118    i._sys_close        retarget_io.o
    0x08003ea4   0x00000024   Code   RO         5119    i._sys_flen         retarget_io.o
    0x08003ec8   0x00000024   Code   RO         5120    i._sys_istty        retarget_io.o
    0x08003eec   0x00000068   Code   RO         5121    i._sys_open         retarget_io.o
    0x08003f54   0x0000002c   Code   RO         5123    i._sys_seek         retarget_io.o
    0x08003f80   0x00000046   Code   RO         5124    i._sys_write        retarget_io.o
    0x08003fc6   0x00000072   Code   RO          978    i.aci_gap_init_IDB04A1  bluenrg_gap_aci.o
    0x08004038   0x00000088   Code   RO          979    i.aci_gap_init_IDB05A1  bluenrg_gap_aci.o
    0x080040c0   0x00000088   Code   RO          985    i.aci_gap_set_auth_requirement  bluenrg_gap_aci.o
    0x08004148   0x0000010c   Code   RO          990    i.aci_gap_set_discoverable  bluenrg_gap_aci.o
    0x08004254   0x000000e0   Code   RO         1233    i.aci_gatt_add_char  bluenrg_gatt_aci.o
    0x08004334   0x00000112   Code   RO         1234    i.aci_gatt_add_char_desc  bluenrg_gatt_aci.o
    0x08004446   0x000000a0   Code   RO         1235    i.aci_gatt_add_serv  bluenrg_gatt_aci.o
    0x080044e6   0x00000048   Code   RO         1236    i.aci_gatt_allow_read  bluenrg_gatt_aci.o
    0x0800452e   0x0000003c   Code   RO         1249    i.aci_gatt_init     bluenrg_gatt_aci.o
    0x0800456a   0x000000aa   Code   RO         1262    i.aci_gatt_update_char_value  bluenrg_gatt_aci.o
    0x08004614   0x00000058   Code   RO         1492    i.aci_hal_set_tx_power_level  bluenrg_hal_aci.o
    0x0800466c   0x0000007c   Code   RO         1495    i.aci_hal_write_config_data  bluenrg_hal_aci.o
    0x080046e8   0x00000038   Code   RO          548    i.fputc             fput_debug.o
    0x08004720   0x00000056   Code   RO         1554    i.getBlueNRGVersion  bluenrg_utils_small.o
    0x08004776   0x00000084   Code   RO          693    i.hci_le_read_local_version  hci.o
    0x080047fa   0x0000006a   Code   RO          704    i.hci_le_set_scan_resp_data  hci.o
    0x08004864   0x0000003c   Code   RO          711    i.hci_send_cmd      hci.o
    0x080048a0   0x000001b8   Code   RO          712    i.hci_send_req      hci.o
    0x08004a58   0x0000001c   Code   RO          714    i.hci_write         hci.o
    0x08004a74   0x00000006   Code   RO         1647    i.list_init_head    list.o
    0x08004a7a   0x00000022   Code   RO         1648    i.list_insert_head  list.o
    0x08004a9c   0x00000022   Code   RO         1651    i.list_insert_tail  list.o
    0x08004abe   0x00000022   Code   RO         1652    i.list_is_empty     list.o
    0x08004ae0   0x0000002a   Code   RO         1653    i.list_remove_head  list.o
    0x08004b0a   0x00000020   Code   RO         1654    i.list_remove_node  list.o
    0x08004b2a   0x00000002   PAD
    0x08004b2c   0x000005c8   Code   RO          334    i.main              main.o
    0x080050f4   0x00000024   Code   RO          715    i.move_list         hci.o
    0x08005118   0x0000009c   Code   RO          447    i.setConnectable    sensor_service.o
    0x080051b4   0x00000038   Code   RO         2005    i.set_irq_as_input  stm32_bluenrg_ble.o
    0x080051ec   0x0000002c   Code   RO         2006    i.set_irq_as_output  stm32_bluenrg_ble.o
    0x08005218   0x0000000c   Code   RO         5125    i.stdout_putchar    retarget_io.o
    0x08005224   0x0000001c   Code   RO         2007    i.us150Delay        stm32_bluenrg_ble.o
    0x08005240   0x0000000a   Code   RO         5374    x$fpl$fpinit        fz_wm.l(fpinit.o)
    0x0800524a   0x00000002   PAD
    0x0800524c   0x00000004   Data   RO          168    .constdata          clock.o
    0x08005250   0x00000005   Data   RO         1795    .constdata          stm32f4xx_nucleo.o
    0x08005255   0x00000010   Data   RO         3368    .constdata          stm32f4xx_hal_rcc.o
    0x08005265   0x00000017   Data   RO         5126    .constdata          retarget_io.o
    0x0800527c   0x00000028   Data   RO         5219    .constdata          c_w.l(_printf_hex_int.o)
    0x080052a4   0x00000011   Data   RO         5249    .constdata          c_w.l(__printf_flags_wp.o)
    0x080052b5   0x00000003   PAD
    0x080052b8   0x00000122   Data   RO          449    .conststring        sensor_service.o
    0x080053da   0x00000002   PAD
    0x080053dc   0x00000020   Data   RO         5601    Region$$Table       anon$$obj.o


    Execution Region ER_RW (Base: 0x20000000, Size: 0x000000a4, Max: 0xffffffff, ABSOLUTE)

    Base Addr    Size         Type   Attr      Idx    E Section Name        Object

    0x20000000   0x00000005   Data   RW          254    .data               stm32xx_it.o
    0x20000005   0x00000003   PAD
    0x20000008   0x00000031   Data   RW          336    .data               main.o
    0x20000039   0x00000003   PAD
    0x2000003c   0x00000022   Data   RW          450    .data               sensor_service.o
    0x2000005e   0x00000002   PAD
    0x20000060   0x00000013   Data   RW          717    .data               hci.o
    0x20000073   0x00000001   PAD
    0x20000074   0x0000000c   Data   RW         1796    .data               stm32f4xx_nucleo.o
    0x20000080   0x00000014   Data   RW         1954    .data               system_stm32f4xx.o
    0x20000094   0x00000004   Data   RW         2137    .data               stm32f4xx_hal.o
    0x20000098   0x00000004   Data   RW         5289    .data               c_w.l(stdio_streams.o)
    0x2000009c   0x00000004   Data   RW         5290    .data               c_w.l(stdio_streams.o)
    0x200000a0   0x00000004   Data   RW         5291    .data               c_w.l(stdio_streams.o)


    Execution Region ER_ZI (Base: 0x200000a4, Size: 0x00003a84, Max: 0xffffffff, ABSOLUTE)

    Base Addr    Size         Type   Attr      Idx    E Section Name        Object

    0x200000a4   0x00002ee0   Zero   RW          335    .bss                main.o
    0x20002f84   0x0000000c   Zero   RW          448    .bss                sensor_service.o
    0x20002f90   0x00000040   Zero   RW          643    .bss                uart.o
    0x20002fd0   0x000002bc   Zero   RW          716    .bss                hci.o
    0x2000328c   0x00000058   Zero   RW         2008    .bss                stm32_bluenrg_ble.o
    0x200032e4   0x000000e4   Zero   RW         5261    .bss                c_w.l(rand.o)
    0x200033c8   0x00000054   Zero   RW         5286    .bss                c_w.l(stdio_streams.o)
    0x2000341c   0x00000054   Zero   RW         5287    .bss                c_w.l(stdio_streams.o)
    0x20003470   0x00000054   Zero   RW         5288    .bss                c_w.l(stdio_streams.o)
    0x200034c4   0x00000060   Zero   RW         5487    .bss                c_w.l(libspace.o)
    0x20003524   0x00000004   PAD
    0x20003528   0x00000200   Zero   RW         5110    HEAP                startup_stm32f401xe.o
    0x20003728   0x00000400   Zero   RW         5109    STACK               startup_stm32f401xe.o


==============================================================================

Image component sizes


      Code (inc. data)   RO Data    RW Data    ZI Data      Debug   Object Name

       654          0          0          0          0       5608   bluenrg_gap_aci.o
       960          0          0          0          0       7688   bluenrg_gatt_aci.o
       212          0          0          0          0       2737   bluenrg_hal_aci.o
        10          0          0          0          0     230077   bluenrg_interface.o
        86          0          0          0          0       1728   bluenrg_utils_small.o
         8          0          4          0          0       2184   clock.o
        66          0          0          0          0        657   cube_hal_f4.o
        56          4          0          0          0      28631   fput_debug.o
        44          0          0          0          0       1916   gp_timer.o
       212         18          0          0          0       1151   gpio.o
      1182         64          0         19        700      34331   hci.o
       194          0          0          0          0       7197   list.o
      1482        710          0         49      12000      42663   main.o
        40          0          0          0          0       1452   osal.o
       388         30         23          0          0       6790   retarget_io.o
      2974        640        290         34         12      13433   sensor_service.o
        64         26        404          0       1536        852   startup_stm32f401xe.o
      1164         96          0          0         88      10521   stm32_bluenrg_ble.o
       152         16          0          4          0       5052   stm32f4xx_hal.o
       326         28          0          0          0      31361   stm32f4xx_hal_cortex.o
       520         36          0          0          0       3926   stm32f4xx_hal_gpio.o
      2040         66         16          0          0       6351   stm32f4xx_hal_rcc.o
      1262          0          0          0          0       3773   stm32f4xx_hal_spi.o
      1964         10          0          0          0      10613   stm32f4xx_hal_uart.o
       188         32          5         12          0       6624   stm32f4xx_nucleo.o
        86         18          0          5          0       5398   stm32xx_it.o
       100         18          0         20          0       1325   system_stm32f4xx.o
       136         18          0          0         64       1299   uart.o

    ----------------------------------------------------------------------
     16590       1830        776        152      14400     475338   Object Totals
         0          0         32          0          0          0   (incl. Generated)
        20          0          2          9          0          0   (incl. Padding)

    ----------------------------------------------------------------------

      Code (inc. data)   RO Data    RW Data    ZI Data      Debug   Library Member Name

         8          0          0          0          0         68   __main.o
       312          4         17          0          0         92   __printf_flags_wp.o
        14          0          0          0          0         68   __printf_wp.o
         0          0          0          0          0          0   __rtentry.o
        12          0          0          0          0          0   __rtentry2.o
         6          0          0          0          0          0   __rtentry4.o
        52          8          0          0          0          0   __scatter.o
        26          0          0          0          0          0   __scatter_copy.o
        28          0          0          0          0          0   __scatter_zi.o
        48          6          0          0          0         96   _printf_char_common.o
        36          4          0          0          0         80   _printf_char_file.o
         6          0          0          0          0          0   _printf_d.o
       120         16          0          0          0         92   _printf_dec.o
        88          4         40          0          0         88   _printf_hex_int.o
       178          0          0          0          0         88   _printf_intcommon.o
        78          0          0          0          0        108   _printf_pad.o
         0          0          0          0          0          0   _printf_percent.o
         4          0          0          0          0          0   _printf_percent_end.o
         6          0          0          0          0          0   _printf_x.o
        10          0          0          0          0         68   defsig_exit.o
        50          0          0          0          0         88   defsig_general.o
        80         58          0          0          0         76   defsig_rtmem_inner.o
        14          0          0          0          0         80   defsig_rtmem_outer.o
        52         38          0          0          0         76   defsig_rtred_inner.o
        14          0          0          0          0         80   defsig_rtred_outer.o
        12          0          0          0          0         72   exit.o
        76          0          0          0          0         88   fclose.o
         8          0          0          0          0         68   ferror.o
       236          4          0          0          0        128   fopen.o
       248          6          0          0          0         84   fseek.o
        66          0          0          0          0         76   ftell.o
        94          0          0          0          0         80   h1_alloc.o
        52          0          0          0          0         68   h1_extend.o
        78          0          0          0          0         80   h1_free.o
        14          0          0          0          0         84   h1_init.o
         6          0          0          0          0        152   heapauxi.o
         4          0          0          0          0        136   hguard.o
         0          0          0          0          0          0   indicate_semi.o
       138          0          0          0          0        168   init_alloc.o
       312         46          0          0          0        112   initio.o
         2          0          0          0          0          0   libinit.o
        22          0          0          0          0          0   libinit2.o
         2          0          0          0          0          0   libshutdown.o
         6          0          0          0          0          0   libshutdown2.o
         8          4          0          0         96         68   libspace.o
       238          0          0          0          0        100   lludivv7m.o
         0          0          0          0          0          0   maybetermalloc1.o
         8          0          0          0          0         76   memcpy.o
        22          0          0          0          0         76   memset.o
        24          4          0          0          0         84   noretval__2printf.o
       112         18          0          0        228        160   rand.o
         8          4          0          0          0         68   rt_errno_addr_intlibspace.o
         8          4          0          0          0         68   rt_heap_descriptor_intlibspace.o
        68          0          0          0          0         68   rt_memclr.o
        78          0          0          0          0         80   rt_memclr_w.o
       138          0          0          0          0         68   rt_memcpy_v6.o
       100          0          0          0          0         80   rt_memcpy_w.o
         2          0          0          0          0          0   rtexit.o
        10          0          0          0          0          0   rtexit2.o
        70          0          0          0          0         80   setvbuf.o
       240          6          0          0          0        156   stdio.o
         0          0          0         12        252          0   stdio_streams.o
       128          0          0          0          0         68   strcmpv7m.o
        62          0          0          0          0         76   strlen.o
        12          4          0          0          0         68   sys_exit.o
        74          0          0          0          0         80   sys_stackheap_outer.o
        14          0          0          0          0         76   sys_wrch.o
         2          0          0          0          0         68   use_no_semi.o
        10          0          0          0          0        116   fpinit.o

    ----------------------------------------------------------------------
      4074        238         60         12        580       4428   Library Totals
        20          0          3          0          4          0   (incl. Padding)

    ----------------------------------------------------------------------

      Code (inc. data)   RO Data    RW Data    ZI Data      Debug   Library Name

      4044        238         57         12        576       4312   c_w.l
        10          0          0          0          0        116   fz_wm.l

    ----------------------------------------------------------------------
      4074        238         60         12        580       4428   Library Totals

    ----------------------------------------------------------------------

==============================================================================


      Code (inc. data)   RO Data    RW Data    ZI Data      Debug   

     20664       2068        836        164      14980     465022   Grand Totals
     20664       2068        836        164      14980     465022   ELF Image Totals
     20664       2068        836        164          0          0   ROM Totals

==============================================================================

    Total RO  Size (Code + RO Data)                21500 (  21.00kB)
    Total RW  Size (RW Data + ZI Data)             15144 (  14.79kB)
    Total ROM Size (Code + RO Data + RW Data)      21664 (  21.16kB)

==============================================================================

